
> api@0.0.1 test:e2e
> jest --config ./test/jest-e2e.json --runInBand

FAIL test/app.e2e-spec.ts
  ● Test suite failed to run

    Jest encountered an unexpected token

    Jest failed to parse a file. This happens e.g. when your code or its dependencies use non-standard JavaScript syntax, or when Jest is not configured to support such syntax.

    Out of the box Jest supports Babel, which will be used to transform your files into valid JS based on your Babel configuration.

    By default "node_modules" folder is ignored by transformers.

    Here's what you can do:
     • If you are trying to use ECMAScript Modules, see https://jestjs.io/docs/ecmascript-modules for how to enable it.
     • If you are trying to use TypeScript, see https://jestjs.io/docs/getting-started#using-typescript
     • To have some of your "node_modules" files transformed, you can specify a custom "transformIgnorePatterns" in your config.
     • If you need a custom transformation, specify a "transform" option in your config.
     • If you simply want to mock your non-JS modules (e.g. binary assets) you can stub them out with the "moduleNameMapper" config option.

    You'll find more details and examples of these config options in the docs:
    https://jestjs.io/docs/configuration
    For information about custom transformations, see:
    https://jestjs.io/docs/code-transformation

    Details:

    C:\Users\dfajardo\OneDrive - COMISION NACIONAL DE ENERGIA\Documentos\github\delphin-erp\node_modules\sanitize-html\node_modules\htmlparser2\dist\index.js:1
    import { Parser } from "./Parser.js";
    ^^^^^^

    SyntaxError: Cannot use import statement outside a module

    > 1 | import sanitizeHtml from 'sanitize-html';
        | ^
      2 | import { DOLPHIN_LOGO_BASE64 } from './email-logo';
      3 | import { BadRequestException } from '@nestjs/common';
      4 | import {

      at ModuleExecutor.compile (../../../node_modules/jest-runtime/build/index.js:2104:44)
      at Object.<anonymous> (../../../node_modules/sanitize-html/index.js:1:20)
      at Object.<anonymous> (../src/modules/email-templates/email-renderer.ts:1:1)
      at Object.<anonymous> (../src/modules/email-templates/email-templates.service.ts:16:1)
      at Object.<anonymous> (../src/modules/users/users.service.ts:14:1)
      at Object.<anonymous> (../src/modules/auth/auth.service.ts:9:1)
      at Object.<anonymous> (../src/modules/auth/mfa.controller.ts:5:1)
      at Object.<anonymous> (../src/modules/auth/auth.module.ts:2:1)
      at Object.<anonymous> (../src/app.module.ts:13:1)
      at Object.<anonymous> (app.e2e-spec.ts:5:1)

FAIL test/mfa.e2e-spec.ts
  ● MFA persistence and concurrency (PostgreSQL) › encrypts the secret and stores only recovery hashes

    PrismaClientKnownRequestError: 
    Invalid `db.usuario.create()` invocation in
    C:\Users\dfajardo\OneDrive - COMISION NACIONAL DE ENERGIA\Documentos\github\delphin-erp\apps\api\test\mfa.e2e-spec.ts:32:22

      29 });
      30 beforeEach(async () => {
      31   const id = randomUUID();
    → 32   await db.usuario.create(
    The column `usuarios.oficio` does not exist in the current database.

      30 |   beforeEach(async () => {
      31 |     const id = randomUUID();
    > 32 |     await db.usuario.create({ data: { id, email: id + '@example.invalid', passwordHash: '!test', isVerified: true } });
         |     ^
      33 |     user = { id, email: id + '@example.invalid', authTime: Math.floor(Date.now() / 1000), sessionId: randomUUID() };
      34 |     const setup = await service.setup(user);
      35 |     secret = setup.secret;

      at ei.handleRequestError (../node_modules/@prisma/client/src/runtime/RequestHandler.ts:228:13)
      at ei.handleAndLogRequestError (../node_modules/@prisma/client/src/runtime/RequestHandler.ts:174:12)
      at ei.request (../node_modules/@prisma/client/src/runtime/RequestHandler.ts:143:12)
      at a (../node_modules/@prisma/client/src/runtime/getPrismaClient.ts:833:24)
      at Object.<anonymous> (mfa.e2e-spec.ts:32:5)

  ● MFA persistence and concurrency (PostgreSQL) › accepts only one concurrent verification of a TOTP and challenge

    PrismaClientKnownRequestError: 
    Invalid `db.usuario.create()` invocation in
    C:\Users\dfajardo\OneDrive - COMISION NACIONAL DE ENERGIA\Documentos\github\delphin-erp\apps\api\test\mfa.e2e-spec.ts:32:22

      29 });
      30 beforeEach(async () => {
      31   const id = randomUUID();
    → 32   await db.usuario.create(
    The column `usuarios.oficio` does not exist in the current database.

      30 |   beforeEach(async () => {
      31 |     const id = randomUUID();
    > 32 |     await db.usuario.create({ data: { id, email: id + '@example.invalid', passwordHash: '!test', isVerified: true } });
         |     ^
      33 |     user = { id, email: id + '@example.invalid', authTime: Math.floor(Date.now() / 1000), sessionId: randomUUID() };
      34 |     const setup = await service.setup(user);
      35 |     secret = setup.secret;

      at ei.handleRequestError (../node_modules/@prisma/client/src/runtime/RequestHandler.ts:228:13)
      at ei.handleAndLogRequestError (../node_modules/@prisma/client/src/runtime/RequestHandler.ts:174:12)
      at ei.request (../node_modules/@prisma/client/src/runtime/RequestHandler.ts:143:12)
      at a (../node_modules/@prisma/client/src/runtime/getPrismaClient.ts:833:24)
      at Object.<anonymous> (mfa.e2e-spec.ts:32:5)

  ● MFA persistence and concurrency (PostgreSQL) › consumes a recovery code across different challenges

    PrismaClientKnownRequestError: 
    Invalid `db.usuario.create()` invocation in
    C:\Users\dfajardo\OneDrive - COMISION NACIONAL DE ENERGIA\Documentos\github\delphin-erp\apps\api\test\mfa.e2e-spec.ts:32:22

      29 });
      30 beforeEach(async () => {
      31   const id = randomUUID();
    → 32   await db.usuario.create(
    The column `usuarios.oficio` does not exist in the current database.

      30 |   beforeEach(async () => {
      31 |     const id = randomUUID();
    > 32 |     await db.usuario.create({ data: { id, email: id + '@example.invalid', passwordHash: '!test', isVerified: true } });
         |     ^
      33 |     user = { id, email: id + '@example.invalid', authTime: Math.floor(Date.now() / 1000), sessionId: randomUUID() };
      34 |     const setup = await service.setup(user);
      35 |     secret = setup.secret;

      at ei.handleRequestError (../node_modules/@prisma/client/src/runtime/RequestHandler.ts:228:13)
      at ei.handleAndLogRequestError (../node_modules/@prisma/client/src/runtime/RequestHandler.ts:174:12)
      at ei.request (../node_modules/@prisma/client/src/runtime/RequestHandler.ts:143:12)
      at a (../node_modules/@prisma/client/src/runtime/getPrismaClient.ts:833:24)
      at Object.<anonymous> (mfa.e2e-spec.ts:32:5)

  ● MFA persistence and concurrency (PostgreSQL) › persists the account lock even when the request fails

    PrismaClientKnownRequestError: 
    Invalid `db.usuario.create()` invocation in
    C:\Users\dfajardo\OneDrive - COMISION NACIONAL DE ENERGIA\Documentos\github\delphin-erp\apps\api\test\mfa.e2e-spec.ts:32:22

      29 });
      30 beforeEach(async () => {
      31   const id = randomUUID();
    → 32   await db.usuario.create(
    The column `usuarios.oficio` does not exist in the current database.

      30 |   beforeEach(async () => {
      31 |     const id = randomUUID();
    > 32 |     await db.usuario.create({ data: { id, email: id + '@example.invalid', passwordHash: '!test', isVerified: true } });
         |     ^
      33 |     user = { id, email: id + '@example.invalid', authTime: Math.floor(Date.now() / 1000), sessionId: randomUUID() };
      34 |     const setup = await service.setup(user);
      35 |     secret = setup.secret;

      at ei.handleRequestError (../node_modules/@prisma/client/src/runtime/RequestHandler.ts:228:13)
      at ei.handleAndLogRequestError (../node_modules/@prisma/client/src/runtime/RequestHandler.ts:174:12)
      at ei.request (../node_modules/@prisma/client/src/runtime/RequestHandler.ts:143:12)
      at a (../node_modules/@prisma/client/src/runtime/getPrismaClient.ts:833:24)
      at Object.<anonymous> (mfa.e2e-spec.ts:32:5)

  ● MFA persistence and concurrency (PostgreSQL) › revokes other sessions when disabling and leaves an audit record

    PrismaClientKnownRequestError: 
    Invalid `db.usuario.create()` invocation in
    C:\Users\dfajardo\OneDrive - COMISION NACIONAL DE ENERGIA\Documentos\github\delphin-erp\apps\api\test\mfa.e2e-spec.ts:32:22

      29 });
      30 beforeEach(async () => {
      31   const id = randomUUID();
    → 32   await db.usuario.create(
    The column `usuarios.oficio` does not exist in the current database.

      30 |   beforeEach(async () => {
      31 |     const id = randomUUID();
    > 32 |     await db.usuario.create({ data: { id, email: id + '@example.invalid', passwordHash: '!test', isVerified: true } });
         |     ^
      33 |     user = { id, email: id + '@example.invalid', authTime: Math.floor(Date.now() / 1000), sessionId: randomUUID() };
      34 |     const setup = await service.setup(user);
      35 |     secret = setup.secret;

      at ei.handleRequestError (../node_modules/@prisma/client/src/runtime/RequestHandler.ts:228:13)
      at ei.handleAndLogRequestError (../node_modules/@prisma/client/src/runtime/RequestHandler.ts:174:12)
      at ei.request (../node_modules/@prisma/client/src/runtime/RequestHandler.ts:143:12)
      at a (../node_modules/@prisma/client/src/runtime/getPrismaClient.ts:833:24)
      at Object.<anonymous> (mfa.e2e-spec.ts:32:5)

  ● MFA persistence and concurrency (PostgreSQL) › rejects enrollment from an old session

    PrismaClientKnownRequestError: 
    Invalid `db.usuario.create()` invocation in
    C:\Users\dfajardo\OneDrive - COMISION NACIONAL DE ENERGIA\Documentos\github\delphin-erp\apps\api\test\mfa.e2e-spec.ts:32:22

      29 });
      30 beforeEach(async () => {
      31   const id = randomUUID();
    → 32   await db.usuario.create(
    The column `usuarios.oficio` does not exist in the current database.

      30 |   beforeEach(async () => {
      31 |     const id = randomUUID();
    > 32 |     await db.usuario.create({ data: { id, email: id + '@example.invalid', passwordHash: '!test', isVerified: true } });
         |     ^
      33 |     user = { id, email: id + '@example.invalid', authTime: Math.floor(Date.now() / 1000), sessionId: randomUUID() };
      34 |     const setup = await service.setup(user);
      35 |     secret = setup.secret;

      at ei.handleRequestError (../node_modules/@prisma/client/src/runtime/RequestHandler.ts:228:13)
      at ei.handleAndLogRequestError (../node_modules/@prisma/client/src/runtime/RequestHandler.ts:174:12)
      at ei.request (../node_modules/@prisma/client/src/runtime/RequestHandler.ts:143:12)
      at a (../node_modules/@prisma/client/src/runtime/getPrismaClient.ts:833:24)
      at Object.<anonymous> (mfa.e2e-spec.ts:32:5)

Test Suites: 2 failed, 2 total
Tests:       6 failed, 6 total
Snapshots:   0 total
Time:        7.076 s, estimated 12 s
Ran all test suites.
npm error Lifecycle script `test:e2e` failed with error:
npm error code 1
npm error path C:\Users\dfajardo\OneDrive - COMISION NACIONAL DE ENERGIA\Documentos\github\delphin-erp\apps\api
npm error workspace api@0.0.1
npm error location C:\Users\dfajardo\OneDrive - COMISION NACIONAL DE ENERGIA\Documentos\github\delphin-erp\apps\api
npm error command failed
npm error command C:\Windows\system32\cmd.exe /d /s /c jest --config ./test/jest-e2e.json --runInBand
