
> dolphin-erp@1.0.13 build:desktop
> npm run build --workspace=apps/desktop


> desktop@1.0.13 build
> ng build --base-href ./

> Building...
√ Building...
Initial chunk files | Names                     |  Raw size | Estimated transfer size
main-NMWL6FAN.js    | main                      | 659.72 kB |               137.29 kB
styles-SAV7PICJ.css | styles                    | 303.98 kB |                26.74 kB

                    | Initial total             | 963.70 kB |               164.03 kB

Lazy chunk files    | Names                     |  Raw size | Estimated transfer size
chunk-XTVQTSUW.js   | apexcharts-ssr-esm        | 620.40 kB |               140.38 kB
chunk-B4t3fBEx.js   | apexcharts-esm            | 615.59 kB |               139.21 kB
chunk-CNZkfkmZ2.js  | email-templates-component | 429.45 kB |               114.22 kB
chunk-2ZXIFDPD.js   | core-esm                  | 375.72 kB |                87.35 kB
chunk-BydJSfNn2.js  | routes                    | 201.67 kB |                42.15 kB
chunk-Bn3Rkpq8.js   | -                         | 182.60 kB |                53.48 kB
chunk-CYTAc8FF2.js  | reports-component         |  96.41 kB |                17.76 kB
chunk-CospWGco.js   | -                         |  91.41 kB |                16.74 kB
chunk-bLXxFPtf.js   | -                         |  87.82 kB |                25.10 kB
chunk-BWkBWKQb.js   | invoices-component        |  78.66 kB |                15.63 kB
chunk-BjjNyIjt2.js  | pos-component             |  76.09 kB |                14.82 kB
chunk-CEhDLaTo2.js  | quotes-component          |  70.07 kB |                14.50 kB
chunk-BeCaVlT7.js   | -                         |  62.35 kB |                18.05 kB
chunk-CdyDuPkx.js   | purchases-component       |  59.38 kB |                11.89 kB
chunk-Bhr62y5I.js   | -                         |  53.46 kB |                14.09 kB
...and 101 more lazy chunks files. Use "--verbose" to show all the files.

Application bundle generation complete. [164.794 seconds] - 2026-09-12T19:32:05.168Z

Output location: C:\Users\dfajardo\OneDrive - COMISION NACIONAL DE ENERGIA\Documentos\github\delphin-erp\apps\desktop\dist\desktop

