
> api@0.0.1 lint
> eslint "{src,apps,libs,test}/**/*.ts" --fix


C:\Users\dfajardo\OneDrive - COMISION NACIONAL DE ENERGIA\Documentos\github\delphin-erp\apps\api\src\common\guards\entitlement.guard.spec.ts
   26:34  warning  Unsafe argument of type `any` assigned to a parameter of type `Reflector`         @typescript-eslint/no-unsafe-argument
   26:52  warning  Unsafe argument of type `any` assigned to a parameter of type `PrismaService`     @typescript-eslint/no-unsafe-argument
   32:36  warning  Unsafe argument of type `any` assigned to a parameter of type `ExecutionContext`  @typescript-eslint/no-unsafe-argument
   38:36  warning  Unsafe argument of type `any` assigned to a parameter of type `ExecutionContext`  @typescript-eslint/no-unsafe-argument
   41:36  warning  Unsafe argument of type `any` assigned to a parameter of type `ExecutionContext`  @typescript-eslint/no-unsafe-argument
   51:25  warning  Unsafe argument of type `any` assigned to a parameter of type `ExecutionContext`  @typescript-eslint/no-unsafe-argument
   66:25  warning  Unsafe argument of type `any` assigned to a parameter of type `ExecutionContext`  @typescript-eslint/no-unsafe-argument
   81:20  warning  Unsafe argument of type `any` assigned to a parameter of type `ExecutionContext`  @typescript-eslint/no-unsafe-argument
   94:20  warning  Unsafe argument of type `any` assigned to a parameter of type `ExecutionContext`  @typescript-eslint/no-unsafe-argument
  109:25  warning  Unsafe argument of type `any` assigned to a parameter of type `ExecutionContext`  @typescript-eslint/no-unsafe-argument
  122:20  warning  Unsafe argument of type `any` assigned to a parameter of type `ExecutionContext`  @typescript-eslint/no-unsafe-argument
  135:25  warning  Unsafe argument of type `any` assigned to a parameter of type `ExecutionContext`  @typescript-eslint/no-unsafe-argument
  149:25  warning  Unsafe argument of type `any` assigned to a parameter of type `ExecutionContext`  @typescript-eslint/no-unsafe-argument
  163:20  warning  Unsafe argument of type `any` assigned to a parameter of type `ExecutionContext`  @typescript-eslint/no-unsafe-argument
  171:20  warning  Unsafe argument of type `any` assigned to a parameter of type `ExecutionContext`  @typescript-eslint/no-unsafe-argument

C:\Users\dfajardo\OneDrive - COMISION NACIONAL DE ENERGIA\Documentos\github\delphin-erp\apps\api\src\common\tenant\tenant-policy.ts
  62:5   error    Async method '$allOperations' has no 'await' expression                 @typescript-eslint/require-await
  65:11  warning  Unsafe argument of type `any` assigned to a parameter of type `string`  @typescript-eslint/no-unsafe-argument
  66:11  warning  Unsafe argument of type `any` assigned to a parameter of type `string`  @typescript-eslint/no-unsafe-argument

C:\Users\dfajardo\OneDrive - COMISION NACIONAL DE ENERGIA\Documentos\github\delphin-erp\apps\api\src\main.ts
  69:1  warning  Promises must be awaited, end with a call to .catch, end with a call to .then with a rejection handler or be explicitly marked as ignored with the `void` operator  @typescript-eslint/no-floating-promises

C:\Users\dfajardo\OneDrive - COMISION NACIONAL DE ENERGIA\Documentos\github\delphin-erp\apps\api\src\maintenance.middleware.spec.ts
  17:22  warning  Unsafe argument of type `any` assigned to a parameter of type `Request<ParamsDictionary, any, any, ParsedQs, Record<string, any>>`  @typescript-eslint/no-unsafe-argument
  17:55  warning  Unsafe argument of type `any` assigned to a parameter of type `Response<any, Record<string, any>>`                                  @typescript-eslint/no-unsafe-argument
  19:20  warning  Unsafe argument of type `any` assigned to a parameter of type `Request<ParamsDictionary, any, any, ParsedQs, Record<string, any>>`  @typescript-eslint/no-unsafe-argument
  19:49  warning  Unsafe argument of type `any` assigned to a parameter of type `Response<any, Record<string, any>>`                                  @typescript-eslint/no-unsafe-argument
  27:7   warning  Unsafe argument of type `any` assigned to a parameter of type `Request<ParamsDictionary, any, any, ParsedQs, Record<string, any>>`  @typescript-eslint/no-unsafe-argument
  31:7   warning  Unsafe argument of type `any` assigned to a parameter of type `Response<any, Record<string, any>>`                                  @typescript-eslint/no-unsafe-argument

C:\Users\dfajardo\OneDrive - COMISION NACIONAL DE ENERGIA\Documentos\github\delphin-erp\apps\api\src\modules\activity-log\activity-log.controller.spec.ts
  25:5  warning  Promises must be awaited, end with a call to .catch, end with a call to .then with a rejection handler or be explicitly marked as ignored with the `void` operator  @typescript-eslint/no-floating-promises
  47:5  warning  Promises must be awaited, end with a call to .catch, end with a call to .then with a rejection handler or be explicitly marked as ignored with the `void` operator  @typescript-eslint/no-floating-promises
  61:5  warning  Promises must be awaited, end with a call to .catch, end with a call to .then with a rejection handler or be explicitly marked as ignored with the `void` operator  @typescript-eslint/no-floating-promises

C:\Users\dfajardo\OneDrive - COMISION NACIONAL DE ENERGIA\Documentos\github\delphin-erp\apps\api\src\modules\activity-log\activity-log.controller.ts
  51:45  warning  Unsafe argument of type `any` assigned to a parameter of type `string`  @typescript-eslint/no-unsafe-argument
  62:42  warning  Unsafe argument of type `any` assigned to a parameter of type `string`  @typescript-eslint/no-unsafe-argument

C:\Users\dfajardo\OneDrive - COMISION NACIONAL DE ENERGIA\Documentos\github\delphin-erp\apps\api\src\modules\activity-log\activity-log.service.ts
  166:3   error    Async method 'clear' has no 'await' expression                          @typescript-eslint/require-await
  191:54  warning  Unsafe argument of type `any` assigned to a parameter of type `string`  @typescript-eslint/no-unsafe-argument

C:\Users\dfajardo\OneDrive - COMISION NACIONAL DE ENERGIA\Documentos\github\delphin-erp\apps\api\src\modules\activity-log\security-logs.controller.ts
  50:42  warning  Unsafe argument of type `any` assigned to a parameter of type `string`  @typescript-eslint/no-unsafe-argument

C:\Users\dfajardo\OneDrive - COMISION NACIONAL DE ENERGIA\Documentos\github\delphin-erp\apps\api\src\modules\activity-log\security-logs.service.spec.ts
   7:44  warning  Unsafe argument of type `any` assigned to a parameter of type `PrismaService`  @typescript-eslint/no-unsafe-argument
  46:44  warning  Unsafe argument of type `any` assigned to a parameter of type `PrismaService`  @typescript-eslint/no-unsafe-argument
  65:44  warning  Unsafe argument of type `any` assigned to a parameter of type `PrismaService`  @typescript-eslint/no-unsafe-argument

C:\Users\dfajardo\OneDrive - COMISION NACIONAL DE ENERGIA\Documentos\github\delphin-erp\apps\api\src\modules\ai-agent\ai-agent.controller.ts
   41:49  warning  Unsafe argument of type `any` assigned to a parameter of type `string`  @typescript-eslint/no-unsafe-argument
   41:60  warning  Unsafe argument of type `any` assigned to a parameter of type `string`  @typescript-eslint/no-unsafe-argument
   53:48  warning  Unsafe argument of type `any` assigned to a parameter of type `string`  @typescript-eslint/no-unsafe-argument
   53:59  warning  Unsafe argument of type `any` assigned to a parameter of type `string`  @typescript-eslint/no-unsafe-argument
   69:7   warning  Unsafe argument of type `any` assigned to a parameter of type `string`  @typescript-eslint/no-unsafe-argument
   70:7   warning  Unsafe argument of type `any` assigned to a parameter of type `string`  @typescript-eslint/no-unsafe-argument
   84:51  warning  Unsafe argument of type `any` assigned to a parameter of type `string`  @typescript-eslint/no-unsafe-argument
   84:62  warning  Unsafe argument of type `any` assigned to a parameter of type `string`  @typescript-eslint/no-unsafe-argument
  105:7   warning  Unsafe argument of type `any` assigned to a parameter of type `string`  @typescript-eslint/no-unsafe-argument
  142:7   warning  Unsafe argument of type `any` assigned to a parameter of type `string`  @typescript-eslint/no-unsafe-argument

C:\Users\dfajardo\OneDrive - COMISION NACIONAL DE ENERGIA\Documentos\github\delphin-erp\apps\api\src\modules\ai-agent\ai-agent.service.ts
  303:28   warning  Unsafe argument of type `any` assigned to a parameter of type `string`                  @typescript-eslint/no-unsafe-argument
  368:30   warning  Unsafe argument of type `any` assigned to a parameter of type `string`                  @typescript-eslint/no-unsafe-argument
  403:28   warning  Unsafe argument of type `any` assigned to a parameter of type `string`                  @typescript-eslint/no-unsafe-argument
  491:30   warning  Unsafe argument of type `any` assigned to a parameter of type `string`                  @typescript-eslint/no-unsafe-argument
  615:18   warning  Unsafe argument of type `any` assigned to a parameter of type `string`                  @typescript-eslint/no-unsafe-argument
  675:18   warning  Unsafe argument of type `any` assigned to a parameter of type `string`                  @typescript-eslint/no-unsafe-argument
  902:21   warning  Unsafe argument of type `any` assigned to a parameter of type `{}`                      @typescript-eslint/no-unsafe-argument
  979:28   warning  Unsafe argument of type `any` assigned to a parameter of type `string | number | Date`  @typescript-eslint/no-unsafe-argument
  992:125  warning  Unsafe argument of type `any` assigned to a parameter of type `string | number | Date`  @typescript-eslint/no-unsafe-argument

C:\Users\dfajardo\OneDrive - COMISION NACIONAL DE ENERGIA\Documentos\github\delphin-erp\apps\api\src\modules\ai-agent\ai-tools.service.ts
  485:16  error  Invalid type "Decimal" of template literal expression  @typescript-eslint/restrict-template-expressions
  721:18  error  Invalid type "Decimal" of template literal expression  @typescript-eslint/restrict-template-expressions
  722:22  error  Invalid type "Decimal" of template literal expression  @typescript-eslint/restrict-template-expressions

C:\Users\dfajardo\OneDrive - COMISION NACIONAL DE ENERGIA\Documentos\github\delphin-erp\apps\api\src\modules\auth\auth.controller.spec.ts
  62:31  warning  Unsafe argument of type `any` assigned to a parameter of type `RegisterDto`  @typescript-eslint/no-unsafe-argument

C:\Users\dfajardo\OneDrive - COMISION NACIONAL DE ENERGIA\Documentos\github\delphin-erp\apps\api\src\modules\auth\auth.controller.ts
   95:66  warning  Unsafe argument of type `any` assigned to a parameter of type `string | number | boolean`  @typescript-eslint/no-unsafe-argument
  190:55  warning  Unsafe argument of type `any` assigned to a parameter of type `string`                     @typescript-eslint/no-unsafe-argument
  204:7   warning  Unsafe argument of type `any` assigned to a parameter of type `string`                     @typescript-eslint/no-unsafe-argument
  206:7   warning  Unsafe argument of type `any` assigned to a parameter of type `number | undefined`         @typescript-eslint/no-unsafe-argument
  223:43  warning  Unsafe argument of type `any` assigned to a parameter of type `string`                     @typescript-eslint/no-unsafe-argument
  231:48  warning  Unsafe argument of type `any` assigned to a parameter of type `string`                     @typescript-eslint/no-unsafe-argument
  257:7   warning  Unsafe argument of type `any` assigned to a parameter of type `string`                     @typescript-eslint/no-unsafe-argument
  260:7   warning  Unsafe argument of type `any` assigned to a parameter of type `string | undefined`         @typescript-eslint/no-unsafe-argument
  271:44  warning  Unsafe argument of type `any` assigned to a parameter of type `string`                     @typescript-eslint/no-unsafe-argument
  284:47  warning  Unsafe argument of type `any` assigned to a parameter of type `string`                     @typescript-eslint/no-unsafe-argument

C:\Users\dfajardo\OneDrive - COMISION NACIONAL DE ENERGIA\Documentos\github\delphin-erp\apps\api\src\modules\auth\auth.service.ts
  162:42  warning  Unsafe argument of type `any` assigned to a parameter of type `PermissionsInput | null | undefined`  @typescript-eslint/no-unsafe-argument
  375:44  warning  Unsafe argument of type `any` assigned to a parameter of type `string | Buffer<ArrayBufferLike>`     @typescript-eslint/no-unsafe-argument
  606:13  warning  Unsafe argument of type `any` assigned to a parameter of type `string`                               @typescript-eslint/no-unsafe-argument
  636:41  warning  Unsafe argument of type `any` assigned to a parameter of type `OwnerSmtpConfig`                      @typescript-eslint/no-unsafe-argument
  808:7   warning  Unsafe argument of type `any` assigned to a parameter of type `string`                               @typescript-eslint/no-unsafe-argument
  809:7   warning  Unsafe argument of type `any` assigned to a parameter of type `number`                               @typescript-eslint/no-unsafe-argument

C:\Users\dfajardo\OneDrive - COMISION NACIONAL DE ENERGIA\Documentos\github\delphin-erp\apps\api\src\modules\auth\dto\auth.dto.ts
  4:3  error  'IsIn' is defined but never used  @typescript-eslint/no-unused-vars

C:\Users\dfajardo\OneDrive - COMISION NACIONAL DE ENERGIA\Documentos\github\delphin-erp\apps\api\src\modules\auth\guards\permissions.guard.spec.ts
  16:34  warning  Unsafe argument of type `any` assigned to a parameter of type `Reflector`         @typescript-eslint/no-unsafe-argument
  22:36  warning  Unsafe argument of type `any` assigned to a parameter of type `ExecutionContext`  @typescript-eslint/no-unsafe-argument
  28:36  warning  Unsafe argument of type `any` assigned to a parameter of type `ExecutionContext`  @typescript-eslint/no-unsafe-argument
  31:36  warning  Unsafe argument of type `any` assigned to a parameter of type `ExecutionContext`  @typescript-eslint/no-unsafe-argument
  40:25  warning  Unsafe argument of type `any` assigned to a parameter of type `ExecutionContext`  @typescript-eslint/no-unsafe-argument
  48:25  warning  Unsafe argument of type `any` assigned to a parameter of type `ExecutionContext`  @typescript-eslint/no-unsafe-argument
  56:25  warning  Unsafe argument of type `any` assigned to a parameter of type `ExecutionContext`  @typescript-eslint/no-unsafe-argument

C:\Users\dfajardo\OneDrive - COMISION NACIONAL DE ENERGIA\Documentos\github\delphin-erp\apps\api\src\modules\auth\mfa.controller.ts
  43:28  warning  Unsafe argument of type `any` assigned to a parameter of type `string`  @typescript-eslint/no-unsafe-argument

C:\Users\dfajardo\OneDrive - COMISION NACIONAL DE ENERGIA\Documentos\github\delphin-erp\apps\api\src\modules\auth\mfa.service.ts
    7:35  error    'randomUUID' is defined but never used                                                     @typescript-eslint/no-unused-vars
  112:35  warning  Unsafe argument of type `any` assigned to a parameter of type `string`                     @typescript-eslint/no-unsafe-argument
  132:33  warning  Unsafe argument of type `any` assigned to a parameter of type `string | null | undefined`  @typescript-eslint/no-unsafe-argument
  229:30  warning  Unsafe argument of type `any` assigned to a parameter of type `string`                     @typescript-eslint/no-unsafe-argument
  259:28  warning  Unsafe argument of type `any` assigned to a parameter of type `string`                     @typescript-eslint/no-unsafe-argument

C:\Users\dfajardo\OneDrive - COMISION NACIONAL DE ENERGIA\Documentos\github\delphin-erp\apps\api\src\modules\auth\session.controller.ts
  24:44  warning  Unsafe argument of type `any` assigned to a parameter of type `string`              @typescript-eslint/no-unsafe-argument
  24:53  warning  Unsafe argument of type `any` assigned to a parameter of type `string | undefined`  @typescript-eslint/no-unsafe-argument
  30:39  warning  Unsafe argument of type `any` assigned to a parameter of type `string`              @typescript-eslint/no-unsafe-argument
  36:45  warning  Unsafe argument of type `any` assigned to a parameter of type `string`              @typescript-eslint/no-unsafe-argument
  36:54  warning  Unsafe argument of type `any` assigned to a parameter of type `string | undefined`  @typescript-eslint/no-unsafe-argument

C:\Users\dfajardo\OneDrive - COMISION NACIONAL DE ENERGIA\Documentos\github\delphin-erp\apps\api\src\modules\auth\session.service.spec.ts
   8:40  warning  Unsafe argument of type `any` assigned to a parameter of type `PrismaService`  @typescript-eslint/no-unsafe-argument
  59:40  warning  Unsafe argument of type `any` assigned to a parameter of type `PrismaService`  @typescript-eslint/no-unsafe-argument
  73:40  warning  Unsafe argument of type `any` assigned to a parameter of type `PrismaService`  @typescript-eslint/no-unsafe-argument
  81:40  warning  Unsafe argument of type `any` assigned to a parameter of type `PrismaService`  @typescript-eslint/no-unsafe-argument
  94:40  warning  Unsafe argument of type `any` assigned to a parameter of type `PrismaService`  @typescript-eslint/no-unsafe-argument

C:\Users\dfajardo\OneDrive - COMISION NACIONAL DE ENERGIA\Documentos\github\delphin-erp\apps\api\src\modules\auth\session.service.ts
  36:40  warning  Unsafe argument of type `any` assigned to a parameter of type `string | number | Date`  @typescript-eslint/no-unsafe-argument

C:\Users\dfajardo\OneDrive - COMISION NACIONAL DE ENERGIA\Documentos\github\delphin-erp\apps\api\src\modules\auth\strategies\jwt.strategy.spec.ts
  35:32  warning  Unsafe argument of type `any` assigned to a parameter of type `PrismaService`                                                       @typescript-eslint/no-unsafe-argument
  38:36  warning  Unsafe argument of type `any` assigned to a parameter of type `Request<ParamsDictionary, any, any, ParsedQs, Record<string, any>>`  @typescript-eslint/no-unsafe-argument
  45:36  warning  Unsafe argument of type `any` assigned to a parameter of type `Request<ParamsDictionary, any, any, ParsedQs, Record<string, any>>`  @typescript-eslint/no-unsafe-argument
  62:36  warning  Unsafe argument of type `any` assigned to a parameter of type `Request<ParamsDictionary, any, any, ParsedQs, Record<string, any>>`  @typescript-eslint/no-unsafe-argument
  74:36  warning  Unsafe argument of type `any` assigned to a parameter of type `Request<ParamsDictionary, any, any, ParsedQs, Record<string, any>>`  @typescript-eslint/no-unsafe-argument
  80:36  warning  Unsafe argument of type `any` assigned to a parameter of type `Request<ParamsDictionary, any, any, ParsedQs, Record<string, any>>`  @typescript-eslint/no-unsafe-argument
  88:29  warning  Unsafe argument of type `any` assigned to a parameter of type `Request<ParamsDictionary, any, any, ParsedQs, Record<string, any>>`  @typescript-eslint/no-unsafe-argument

C:\Users\dfajardo\OneDrive - COMISION NACIONAL DE ENERGIA\Documentos\github\delphin-erp\apps\api\src\modules\auth\strategies\jwt.strategy.ts
  66:19  warning  Unsafe argument of type `any` assigned to a parameter of type `string`  @typescript-eslint/no-unsafe-argument

C:\Users\dfajardo\OneDrive - COMISION NACIONAL DE ENERGIA\Documentos\github\delphin-erp\apps\api\src\modules\auth\strategies\local.strategy.spec.ts
   9:40  warning  Unsafe argument of type `any` assigned to a parameter of type `AuthService`  @typescript-eslint/no-unsafe-argument
  23:40  warning  Unsafe argument of type `any` assigned to a parameter of type `AuthService`  @typescript-eslint/no-unsafe-argument

C:\Users\dfajardo\OneDrive - COMISION NACIONAL DE ENERGIA\Documentos\github\delphin-erp\apps\api\src\modules\auth\strategies\local.strategy.ts
  25:7  warning  Unsafe argument of type `any` assigned to a parameter of type `"owner" | "member" | undefined`  @typescript-eslint/no-unsafe-argument

C:\Users\dfajardo\OneDrive - COMISION NACIONAL DE ENERGIA\Documentos\github\delphin-erp\apps\api\src\modules\backups\backups.controller.ts
   33:30  warning  Unsafe argument of type `any` assigned to a parameter of type `string`                     @typescript-eslint/no-unsafe-argument
   33:39  warning  Unsafe argument of type `any` assigned to a parameter of type `string | undefined`         @typescript-eslint/no-unsafe-argument
   43:37  warning  Unsafe argument of type `any` assigned to a parameter of type `string`                     @typescript-eslint/no-unsafe-argument
   43:46  warning  Unsafe argument of type `any` assigned to a parameter of type `string | undefined`         @typescript-eslint/no-unsafe-argument
   55:7   warning  Unsafe argument of type `any` assigned to a parameter of type `string`                     @typescript-eslint/no-unsafe-argument
   56:7   warning  Unsafe argument of type `any` assigned to a parameter of type `string | undefined`         @typescript-eslint/no-unsafe-argument
   73:7   warning  Unsafe argument of type `any` assigned to a parameter of type `string`                     @typescript-eslint/no-unsafe-argument
   74:7   warning  Unsafe argument of type `any` assigned to a parameter of type `string | undefined`         @typescript-eslint/no-unsafe-argument
   83:38  warning  Unsafe argument of type `any` assigned to a parameter of type `string`                     @typescript-eslint/no-unsafe-argument
   90:41  warning  Unsafe argument of type `any` assigned to a parameter of type `string`                     @typescript-eslint/no-unsafe-argument
  111:9   warning  Unsafe argument of type `any` assigned to a parameter of type `string | number | boolean`  @typescript-eslint/no-unsafe-argument
  123:42  warning  Unsafe argument of type `any` assigned to a parameter of type `string`                     @typescript-eslint/no-unsafe-argument
  134:47  warning  Unsafe argument of type `any` assigned to a parameter of type `string`                     @typescript-eslint/no-unsafe-argument
  144:32  warning  Unsafe argument of type `any` assigned to a parameter of type `string`                     @typescript-eslint/no-unsafe-argument

C:\Users\dfajardo\OneDrive - COMISION NACIONAL DE ENERGIA\Documentos\github\delphin-erp\apps\api\src\modules\backups\tenant-archive.ts
   75:60  warning  Unsafe argument of type `any` assigned to a parameter of type `string`                              @typescript-eslint/no-unsafe-argument
  133:25  warning  Unsafe argument of type `any` assigned to a parameter of type `TenantArchive`                       @typescript-eslint/no-unsafe-argument
  213:41  warning  Unsafe argument of type `any` assigned to a parameter of type `string | number | bigint | boolean`  @typescript-eslint/no-unsafe-argument
  215:43  warning  Unsafe argument of type `any` assigned to a parameter of type `string | number | Date`              @typescript-eslint/no-unsafe-argument

C:\Users\dfajardo\OneDrive - COMISION NACIONAL DE ENERGIA\Documentos\github\delphin-erp\apps\api\src\modules\billing-config\billing-config.controller.ts
  34:29  warning  Unsafe argument of type `any` assigned to a parameter of type `string`  @typescript-eslint/no-unsafe-argument
  40:32  warning  Unsafe argument of type `any` assigned to a parameter of type `string`  @typescript-eslint/no-unsafe-argument
  40:48  warning  Unsafe argument of type `any` assigned to a parameter of type `string`  @typescript-eslint/no-unsafe-argument
  46:35  warning  Unsafe argument of type `any` assigned to a parameter of type `string`  @typescript-eslint/no-unsafe-argument
  52:35  warning  Unsafe argument of type `any` assigned to a parameter of type `string`  @typescript-eslint/no-unsafe-argument
  52:51  warning  Unsafe argument of type `any` assigned to a parameter of type `string`  @typescript-eslint/no-unsafe-argument
  62:35  warning  Unsafe argument of type `any` assigned to a parameter of type `string`  @typescript-eslint/no-unsafe-argument
  62:51  warning  Unsafe argument of type `any` assigned to a parameter of type `string`  @typescript-eslint/no-unsafe-argument
  68:35  warning  Unsafe argument of type `any` assigned to a parameter of type `string`  @typescript-eslint/no-unsafe-argument
  74:36  warning  Unsafe argument of type `any` assigned to a parameter of type `string`  @typescript-eslint/no-unsafe-argument
  74:52  warning  Unsafe argument of type `any` assigned to a parameter of type `string`  @typescript-eslint/no-unsafe-argument
  84:36  warning  Unsafe argument of type `any` assigned to a parameter of type `string`  @typescript-eslint/no-unsafe-argument
  84:52  warning  Unsafe argument of type `any` assigned to a parameter of type `string`  @typescript-eslint/no-unsafe-argument

C:\Users\dfajardo\OneDrive - COMISION NACIONAL DE ENERGIA\Documentos\github\delphin-erp\apps\api\src\modules\billing-config\billing-config.service.ts
  164:22  warning  Unsafe argument of type `any` assigned to a parameter of type `string | number | Date`  @typescript-eslint/no-unsafe-argument

C:\Users\dfajardo\OneDrive - COMISION NACIONAL DE ENERGIA\Documentos\github\delphin-erp\apps\api\src\modules\catalogs\brands\brands.controller.spec.ts
  39:5  warning  Promises must be awaited, end with a call to .catch, end with a call to .then with a rejection handler or be explicitly marked as ignored with the `void` operator  @typescript-eslint/no-floating-promises
  40:5  warning  Promises must be awaited, end with a call to .catch, end with a call to .then with a rejection handler or be explicitly marked as ignored with the `void` operator  @typescript-eslint/no-floating-promises
  41:5  warning  Promises must be awaited, end with a call to .catch, end with a call to .then with a rejection handler or be explicitly marked as ignored with the `void` operator  @typescript-eslint/no-floating-promises
  42:5  warning  Promises must be awaited, end with a call to .catch, end with a call to .then with a rejection handler or be explicitly marked as ignored with the `void` operator  @typescript-eslint/no-floating-promises
  43:5  warning  Promises must be awaited, end with a call to .catch, end with a call to .then with a rejection handler or be explicitly marked as ignored with the `void` operator  @typescript-eslint/no-floating-promises

C:\Users\dfajardo\OneDrive - COMISION NACIONAL DE ENERGIA\Documentos\github\delphin-erp\apps\api\src\modules\catalogs\brands\brands.controller.ts
  30:38  warning  Unsafe argument of type `any` assigned to a parameter of type `string`  @typescript-eslint/no-unsafe-argument
  37:39  warning  Unsafe argument of type `any` assigned to a parameter of type `string`  @typescript-eslint/no-unsafe-argument
  44:43  warning  Unsafe argument of type `any` assigned to a parameter of type `string`  @typescript-eslint/no-unsafe-argument
  55:42  warning  Unsafe argument of type `any` assigned to a parameter of type `string`  @typescript-eslint/no-unsafe-argument
  62:42  warning  Unsafe argument of type `any` assigned to a parameter of type `string`  @typescript-eslint/no-unsafe-argument

C:\Users\dfajardo\OneDrive - COMISION NACIONAL DE ENERGIA\Documentos\github\delphin-erp\apps\api\src\modules\catalogs\categories\categories.controller.spec.ts
  39:5  warning  Promises must be awaited, end with a call to .catch, end with a call to .then with a rejection handler or be explicitly marked as ignored with the `void` operator  @typescript-eslint/no-floating-promises
  40:5  warning  Promises must be awaited, end with a call to .catch, end with a call to .then with a rejection handler or be explicitly marked as ignored with the `void` operator  @typescript-eslint/no-floating-promises
  41:5  warning  Promises must be awaited, end with a call to .catch, end with a call to .then with a rejection handler or be explicitly marked as ignored with the `void` operator  @typescript-eslint/no-floating-promises
  42:5  warning  Promises must be awaited, end with a call to .catch, end with a call to .then with a rejection handler or be explicitly marked as ignored with the `void` operator  @typescript-eslint/no-floating-promises
  43:5  warning  Promises must be awaited, end with a call to .catch, end with a call to .then with a rejection handler or be explicitly marked as ignored with the `void` operator  @typescript-eslint/no-floating-promises

C:\Users\dfajardo\OneDrive - COMISION NACIONAL DE ENERGIA\Documentos\github\delphin-erp\apps\api\src\modules\catalogs\categories\categories.controller.ts
  34:42  warning  Unsafe argument of type `any` assigned to a parameter of type `string`  @typescript-eslint/no-unsafe-argument
  41:43  warning  Unsafe argument of type `any` assigned to a parameter of type `string`  @typescript-eslint/no-unsafe-argument
  48:43  warning  Unsafe argument of type `any` assigned to a parameter of type `string`  @typescript-eslint/no-unsafe-argument
  59:42  warning  Unsafe argument of type `any` assigned to a parameter of type `string`  @typescript-eslint/no-unsafe-argument
  66:42  warning  Unsafe argument of type `any` assigned to a parameter of type `string`  @typescript-eslint/no-unsafe-argument

C:\Users\dfajardo\OneDrive - COMISION NACIONAL DE ENERGIA\Documentos\github\delphin-erp\apps\api\src\modules\catalogs\products\products.controller.spec.ts
  70:5  warning  Promises must be awaited, end with a call to .catch, end with a call to .then with a rejection handler or be explicitly marked as ignored with the `void` operator  @typescript-eslint/no-floating-promises
  71:5  warning  Promises must be awaited, end with a call to .catch, end with a call to .then with a rejection handler or be explicitly marked as ignored with the `void` operator  @typescript-eslint/no-floating-promises

C:\Users\dfajardo\OneDrive - COMISION NACIONAL DE ENERGIA\Documentos\github\delphin-erp\apps\api\src\modules\catalogs\products\products.controller.ts
   40:7   warning  Unsafe argument of type `any` assigned to a parameter of type `string`                                                                                              @typescript-eslint/no-unsafe-argument
   42:7   warning  Unsafe argument of type `any` assigned to a parameter of type `string | undefined`                                                                                  @typescript-eslint/no-unsafe-argument
   44:5   warning  Promises must be awaited, end with a call to .catch, end with a call to .then with a rejection handler or be explicitly marked as ignored with the `void` operator  @typescript-eslint/no-floating-promises
   62:41  warning  Unsafe argument of type `any` assigned to a parameter of type `string`                                                                                              @typescript-eslint/no-unsafe-argument
   72:7   warning  Unsafe argument of type `any` assigned to a parameter of type `string`                                                                                              @typescript-eslint/no-unsafe-argument
   82:41  warning  Unsafe argument of type `any` assigned to a parameter of type `string`                                                                                              @typescript-eslint/no-unsafe-argument
   94:7   warning  Unsafe argument of type `any` assigned to a parameter of type `string`                                                                                              @typescript-eslint/no-unsafe-argument
   97:7   warning  Unsafe argument of type `any` assigned to a parameter of type `string | undefined`                                                                                  @typescript-eslint/no-unsafe-argument
   99:5   warning  Promises must be awaited, end with a call to .catch, end with a call to .then with a rejection handler or be explicitly marked as ignored with the `void` operator  @typescript-eslint/no-floating-promises
  117:57  warning  Unsafe argument of type `any` assigned to a parameter of type `string`                                                                                              @typescript-eslint/no-unsafe-argument
  118:54  warning  Unsafe argument of type `any` assigned to a parameter of type `string`                                                                                              @typescript-eslint/no-unsafe-argument
  119:5   warning  Promises must be awaited, end with a call to .catch, end with a call to .then with a rejection handler or be explicitly marked as ignored with the `void` operator  @typescript-eslint/no-floating-promises

C:\Users\dfajardo\OneDrive - COMISION NACIONAL DE ENERGIA\Documentos\github\delphin-erp\apps\api\src\modules\catalogs\products\products.service.ts
   30:9   warning  Unsafe argument of type `any` assigned to a parameter of type `string`                  @typescript-eslint/no-unsafe-argument
  111:54  warning  Unsafe argument of type `any` assigned to a parameter of type `any[]`                   @typescript-eslint/no-unsafe-argument
  327:45  warning  Unsafe argument of type `any` assigned to a parameter of type `any[]`                   @typescript-eslint/no-unsafe-argument
  448:9   warning  Unsafe argument of type `any` assigned to a parameter of type `string`                  @typescript-eslint/no-unsafe-argument
  503:56  warning  Unsafe argument of type `any` assigned to a parameter of type `string | number | Date`  @typescript-eslint/no-unsafe-argument
  506:56  warning  Unsafe argument of type `any` assigned to a parameter of type `string | number | Date`  @typescript-eslint/no-unsafe-argument

C:\Users\dfajardo\OneDrive - COMISION NACIONAL DE ENERGIA\Documentos\github\delphin-erp\apps\api\src\modules\catalogs\units\units.controller.spec.ts
  39:5  warning  Promises must be awaited, end with a call to .catch, end with a call to .then with a rejection handler or be explicitly marked as ignored with the `void` operator  @typescript-eslint/no-floating-promises
  40:5  warning  Promises must be awaited, end with a call to .catch, end with a call to .then with a rejection handler or be explicitly marked as ignored with the `void` operator  @typescript-eslint/no-floating-promises
  41:5  warning  Promises must be awaited, end with a call to .catch, end with a call to .then with a rejection handler or be explicitly marked as ignored with the `void` operator  @typescript-eslint/no-floating-promises
  42:5  warning  Promises must be awaited, end with a call to .catch, end with a call to .then with a rejection handler or be explicitly marked as ignored with the `void` operator  @typescript-eslint/no-floating-promises
  43:5  warning  Promises must be awaited, end with a call to .catch, end with a call to .then with a rejection handler or be explicitly marked as ignored with the `void` operator  @typescript-eslint/no-floating-promises

C:\Users\dfajardo\OneDrive - COMISION NACIONAL DE ENERGIA\Documentos\github\delphin-erp\apps\api\src\modules\catalogs\units\units.controller.ts
  31:37  warning  Unsafe argument of type `any` assigned to a parameter of type `string`  @typescript-eslint/no-unsafe-argument
  38:38  warning  Unsafe argument of type `any` assigned to a parameter of type `string`  @typescript-eslint/no-unsafe-argument
  45:42  warning  Unsafe argument of type `any` assigned to a parameter of type `string`  @typescript-eslint/no-unsafe-argument
  56:41  warning  Unsafe argument of type `any` assigned to a parameter of type `string`  @typescript-eslint/no-unsafe-argument
  63:41  warning  Unsafe argument of type `any` assigned to a parameter of type `string`  @typescript-eslint/no-unsafe-argument

C:\Users\dfajardo\OneDrive - COMISION NACIONAL DE ENERGIA\Documentos\github\delphin-erp\apps\api\src\modules\commercial\clients\clients.controller.spec.ts
  39:5  warning  Promises must be awaited, end with a call to .catch, end with a call to .then with a rejection handler or be explicitly marked as ignored with the `void` operator  @typescript-eslint/no-floating-promises
  43:5  warning  Promises must be awaited, end with a call to .catch, end with a call to .then with a rejection handler or be explicitly marked as ignored with the `void` operator  @typescript-eslint/no-floating-promises
  44:5  warning  Promises must be awaited, end with a call to .catch, end with a call to .then with a rejection handler or be explicitly marked as ignored with the `void` operator  @typescript-eslint/no-floating-promises
  45:5  warning  Promises must be awaited, end with a call to .catch, end with a call to .then with a rejection handler or be explicitly marked as ignored with the `void` operator  @typescript-eslint/no-floating-promises
  46:5  warning  Promises must be awaited, end with a call to .catch, end with a call to .then with a rejection handler or be explicitly marked as ignored with the `void` operator  @typescript-eslint/no-floating-promises

C:\Users\dfajardo\OneDrive - COMISION NACIONAL DE ENERGIA\Documentos\github\delphin-erp\apps\api\src\modules\commercial\clients\clients.controller.ts
  33:39  warning  Unsafe argument of type `any` assigned to a parameter of type `string`  @typescript-eslint/no-unsafe-argument
  40:40  warning  Unsafe argument of type `any` assigned to a parameter of type `string`  @typescript-eslint/no-unsafe-argument
  47:44  warning  Unsafe argument of type `any` assigned to a parameter of type `string`  @typescript-eslint/no-unsafe-argument
  58:43  warning  Unsafe argument of type `any` assigned to a parameter of type `string`  @typescript-eslint/no-unsafe-argument
  65:43  warning  Unsafe argument of type `any` assigned to a parameter of type `string`  @typescript-eslint/no-unsafe-argument

C:\Users\dfajardo\OneDrive - COMISION NACIONAL DE ENERGIA\Documentos\github\delphin-erp\apps\api\src\modules\commercial\suppliers\suppliers.controller.spec.ts
  39:5  warning  Promises must be awaited, end with a call to .catch, end with a call to .then with a rejection handler or be explicitly marked as ignored with the `void` operator  @typescript-eslint/no-floating-promises
  43:5  warning  Promises must be awaited, end with a call to .catch, end with a call to .then with a rejection handler or be explicitly marked as ignored with the `void` operator  @typescript-eslint/no-floating-promises
  44:5  warning  Promises must be awaited, end with a call to .catch, end with a call to .then with a rejection handler or be explicitly marked as ignored with the `void` operator  @typescript-eslint/no-floating-promises
  45:5  warning  Promises must be awaited, end with a call to .catch, end with a call to .then with a rejection handler or be explicitly marked as ignored with the `void` operator  @typescript-eslint/no-floating-promises
  46:5  warning  Promises must be awaited, end with a call to .catch, end with a call to .then with a rejection handler or be explicitly marked as ignored with the `void` operator  @typescript-eslint/no-floating-promises

C:\Users\dfajardo\OneDrive - COMISION NACIONAL DE ENERGIA\Documentos\github\delphin-erp\apps\api\src\modules\commercial\suppliers\suppliers.controller.ts
  33:41  warning  Unsafe argument of type `any` assigned to a parameter of type `string`  @typescript-eslint/no-unsafe-argument
  40:42  warning  Unsafe argument of type `any` assigned to a parameter of type `string`  @typescript-eslint/no-unsafe-argument
  47:46  warning  Unsafe argument of type `any` assigned to a parameter of type `string`  @typescript-eslint/no-unsafe-argument
  58:45  warning  Unsafe argument of type `any` assigned to a parameter of type `string`  @typescript-eslint/no-unsafe-argument
  65:45  warning  Unsafe argument of type `any` assigned to a parameter of type `string`  @typescript-eslint/no-unsafe-argument

C:\Users\dfajardo\OneDrive - COMISION NACIONAL DE ENERGIA\Documentos\github\delphin-erp\apps\api\src\modules\credit-notes\credit-notes.controller.ts
  28:36  warning  Unsafe argument of type `any` assigned to a parameter of type `string`  @typescript-eslint/no-unsafe-argument
  28:52  warning  Unsafe argument of type `any` assigned to a parameter of type `string`  @typescript-eslint/no-unsafe-argument
  34:37  warning  Unsafe argument of type `any` assigned to a parameter of type `string`  @typescript-eslint/no-unsafe-argument
  40:37  warning  Unsafe argument of type `any` assigned to a parameter of type `string`  @typescript-eslint/no-unsafe-argument

C:\Users\dfajardo\OneDrive - COMISION NACIONAL DE ENERGIA\Documentos\github\delphin-erp\apps\api\src\modules\credit-notes\credit-notes.service.spec.ts
  2:31  error  'NotFoundException' is defined but never used  @typescript-eslint/no-unused-vars

C:\Users\dfajardo\OneDrive - COMISION NACIONAL DE ENERGIA\Documentos\github\delphin-erp\apps\api\src\modules\customer-payments\customer-payments.controller.ts
  30:32  warning  Unsafe argument of type `any` assigned to a parameter of type `string`  @typescript-eslint/no-unsafe-argument
  30:48  warning  Unsafe argument of type `any` assigned to a parameter of type `string`  @typescript-eslint/no-unsafe-argument
  40:33  warning  Unsafe argument of type `any` assigned to a parameter of type `string`  @typescript-eslint/no-unsafe-argument
  49:36  warning  Unsafe argument of type `any` assigned to a parameter of type `string`  @typescript-eslint/no-unsafe-argument
  59:44  warning  Unsafe argument of type `any` assigned to a parameter of type `string`  @typescript-eslint/no-unsafe-argument
  66:33  warning  Unsafe argument of type `any` assigned to a parameter of type `string`  @typescript-eslint/no-unsafe-argument
  73:32  warning  Unsafe argument of type `any` assigned to a parameter of type `string`  @typescript-eslint/no-unsafe-argument
  73:48  warning  Unsafe argument of type `any` assigned to a parameter of type `string`  @typescript-eslint/no-unsafe-argument

C:\Users\dfajardo\OneDrive - COMISION NACIONAL DE ENERGIA\Documentos\github\delphin-erp\apps\api\src\modules\dashboard\dashboard.controller.spec.ts
  25:5  warning  Promises must be awaited, end with a call to .catch, end with a call to .then with a rejection handler or be explicitly marked as ignored with the `void` operator  @typescript-eslint/no-floating-promises

C:\Users\dfajardo\OneDrive - COMISION NACIONAL DE ENERGIA\Documentos\github\delphin-erp\apps\api\src\modules\dashboard\dashboard.controller.ts
  20:45  warning  Unsafe argument of type `any` assigned to a parameter of type `string`  @typescript-eslint/no-unsafe-argument

C:\Users\dfajardo\OneDrive - COMISION NACIONAL DE ENERGIA\Documentos\github\delphin-erp\apps\api\src\modules\email-templates\email-delivery.spec.ts
  113:49  warning  Unsafe argument of type `any` assigned to a parameter of type `Options & Partial<Options>`             @typescript-eslint/no-unsafe-argument
  117:16  error    'result.message' may use Object's default stringification format ('[object Object]') when stringified  @typescript-eslint/no-base-to-string
  134:49  warning  Unsafe argument of type `any` assigned to a parameter of type `PrismaService`                          @typescript-eslint/no-unsafe-argument
  134:57  warning  Unsafe argument of type `any` assigned to a parameter of type `ActivityLogService`                     @typescript-eslint/no-unsafe-argument
  136:7   warning  Unsafe argument of type `any` assigned to a parameter of type `MailerService`                          @typescript-eslint/no-unsafe-argument
  138:7   warning  Unsafe argument of type `any` assigned to a parameter of type `PrismaService`                          @typescript-eslint/no-unsafe-argument
  169:49  warning  Unsafe argument of type `any` assigned to a parameter of type `PrismaService`                          @typescript-eslint/no-unsafe-argument
  169:57  warning  Unsafe argument of type `any` assigned to a parameter of type `ActivityLogService`                     @typescript-eslint/no-unsafe-argument
  196:49  warning  Unsafe argument of type `any` assigned to a parameter of type `PrismaService`                          @typescript-eslint/no-unsafe-argument
  196:57  warning  Unsafe argument of type `any` assigned to a parameter of type `ActivityLogService`                     @typescript-eslint/no-unsafe-argument

C:\Users\dfajardo\OneDrive - COMISION NACIONAL DE ENERGIA\Documentos\github\delphin-erp\apps\api\src\modules\email-templates\email-renderer.ts
   12:10  error  'value ?? ''' will use Object's default stringification format ('[object Object]') when stringified  @typescript-eslint/no-base-to-string
  110:14  error  Unexpected control character(s) in regular expression: \x00, \x1f                                    no-control-regex

C:\Users\dfajardo\OneDrive - COMISION NACIONAL DE ENERGIA\Documentos\github\delphin-erp\apps\api\src\modules\email-templates\email-templates.controller.ts
  18:15  error    'EmailKey' is defined but never used                                                @typescript-eslint/no-unused-vars
  40:32  warning  Unsafe argument of type `any` assigned to a parameter of type `string`              @typescript-eslint/no-unsafe-argument
  40:48  warning  Unsafe argument of type `any` assigned to a parameter of type `string`              @typescript-eslint/no-unsafe-argument
  51:7   warning  Unsafe argument of type `any` assigned to a parameter of type `string`              @typescript-eslint/no-unsafe-argument
  52:7   warning  Unsafe argument of type `any` assigned to a parameter of type `string`              @typescript-eslint/no-unsafe-argument
  56:7   warning  Unsafe argument of type `any` assigned to a parameter of type `string | undefined`  @typescript-eslint/no-unsafe-argument
  68:7   warning  Unsafe argument of type `any` assigned to a parameter of type `string`              @typescript-eslint/no-unsafe-argument
  69:7   warning  Unsafe argument of type `any` assigned to a parameter of type `string`              @typescript-eslint/no-unsafe-argument
  72:7   warning  Unsafe argument of type `any` assigned to a parameter of type `string | undefined`  @typescript-eslint/no-unsafe-argument
  82:35  warning  Unsafe argument of type `any` assigned to a parameter of type `string`              @typescript-eslint/no-unsafe-argument
  82:51  warning  Unsafe argument of type `any` assigned to a parameter of type `string`              @typescript-eslint/no-unsafe-argument

C:\Users\dfajardo\OneDrive - COMISION NACIONAL DE ENERGIA\Documentos\github\delphin-erp\apps\api\src\modules\email-templates\email-templates.service.ts
  112:11  warning  Unsafe argument of type `any` assigned to a parameter of type `number`  @typescript-eslint/no-unsafe-argument

C:\Users\dfajardo\OneDrive - COMISION NACIONAL DE ENERGIA\Documentos\github\delphin-erp\apps\api\src\modules\empresas\empresas.controller.spec.ts
  50:5  warning  Promises must be awaited, end with a call to .catch, end with a call to .then with a rejection handler or be explicitly marked as ignored with the `void` operator  @typescript-eslint/no-floating-promises
  82:5  warning  Promises must be awaited, end with a call to .catch, end with a call to .then with a rejection handler or be explicitly marked as ignored with the `void` operator  @typescript-eslint/no-floating-promises
  83:5  warning  Promises must be awaited, end with a call to .catch, end with a call to .then with a rejection handler or be explicitly marked as ignored with the `void` operator  @typescript-eslint/no-floating-promises
  89:5  warning  Promises must be awaited, end with a call to .catch, end with a call to .then with a rejection handler or be explicitly marked as ignored with the `void` operator  @typescript-eslint/no-floating-promises
  96:5  warning  Promises must be awaited, end with a call to .catch, end with a call to .then with a rejection handler or be explicitly marked as ignored with the `void` operator  @typescript-eslint/no-floating-promises
  97:5  warning  Promises must be awaited, end with a call to .catch, end with a call to .then with a rejection handler or be explicitly marked as ignored with the `void` operator  @typescript-eslint/no-floating-promises

C:\Users\dfajardo\OneDrive - COMISION NACIONAL DE ENERGIA\Documentos\github\delphin-erp\apps\api\src\modules\empresas\empresas.controller.ts
  31:40  warning  Unsafe argument of type `any` assigned to a parameter of type `string`  @typescript-eslint/no-unsafe-argument
  65:45  warning  Unsafe argument of type `any` assigned to a parameter of type `string`  @typescript-eslint/no-unsafe-argument
  73:48  warning  Unsafe argument of type `any` assigned to a parameter of type `string`  @typescript-eslint/no-unsafe-argument
  79:47  warning  Unsafe argument of type `any` assigned to a parameter of type `string`  @typescript-eslint/no-unsafe-argument
  79:56  warning  Unsafe argument of type `any` assigned to a parameter of type `string`  @typescript-eslint/no-unsafe-argument
  89:40  warning  Unsafe argument of type `any` assigned to a parameter of type `string`  @typescript-eslint/no-unsafe-argument
  95:40  warning  Unsafe argument of type `any` assigned to a parameter of type `string`  @typescript-eslint/no-unsafe-argument

C:\Users\dfajardo\OneDrive - COMISION NACIONAL DE ENERGIA\Documentos\github\delphin-erp\apps\api\src\modules\empresas\empresas.service.ts
  275:25  warning  Unsafe argument of type `any` assigned to a parameter of type `string`  @typescript-eslint/no-unsafe-argument
  281:25  warning  Unsafe argument of type `any` assigned to a parameter of type `string`  @typescript-eslint/no-unsafe-argument
  287:25  warning  Unsafe argument of type `any` assigned to a parameter of type `string`  @typescript-eslint/no-unsafe-argument
  293:25  warning  Unsafe argument of type `any` assigned to a parameter of type `string`  @typescript-eslint/no-unsafe-argument

C:\Users\dfajardo\OneDrive - COMISION NACIONAL DE ENERGIA\Documentos\github\delphin-erp\apps\api\src\modules\inventory\inventory.controller.ts
   40:48  warning  Unsafe argument of type `any` assigned to a parameter of type `string`  @typescript-eslint/no-unsafe-argument
   48:50  warning  Unsafe argument of type `any` assigned to a parameter of type `string`  @typescript-eslint/no-unsafe-argument
   60:50  warning  Unsafe argument of type `any` assigned to a parameter of type `string`  @typescript-eslint/no-unsafe-argument
   75:44  warning  Unsafe argument of type `any` assigned to a parameter of type `string`  @typescript-eslint/no-unsafe-argument
   87:59  warning  Unsafe argument of type `any` assigned to a parameter of type `string`  @typescript-eslint/no-unsafe-argument
   99:49  warning  Unsafe argument of type `any` assigned to a parameter of type `string`  @typescript-eslint/no-unsafe-argument
   99:65  warning  Unsafe argument of type `any` assigned to a parameter of type `string`  @typescript-eslint/no-unsafe-argument
  109:51  warning  Unsafe argument of type `any` assigned to a parameter of type `string`  @typescript-eslint/no-unsafe-argument
  109:67  warning  Unsafe argument of type `any` assigned to a parameter of type `string`  @typescript-eslint/no-unsafe-argument
  125:7   warning  Unsafe argument of type `any` assigned to a parameter of type `string`  @typescript-eslint/no-unsafe-argument

C:\Users\dfajardo\OneDrive - COMISION NACIONAL DE ENERGIA\Documentos\github\delphin-erp\apps\api\src\modules\invoices\fiscal-payload.ts
    4:61  error    'value ?? 0' will use Object's default stringification format ('[object Object]') when stringified  @typescript-eslint/no-base-to-string
   27:51  warning  Unsafe argument of type `any` assigned to a parameter of type `string`                              @typescript-eslint/no-unsafe-argument
  116:43  warning  Unsafe argument of type `any` assigned to a parameter of type `string | Date | null | undefined`    @typescript-eslint/no-unsafe-argument
  125:33  warning  Unsafe argument of type `any` assigned to a parameter of type `string | Date | null | undefined`    @typescript-eslint/no-unsafe-argument
  163:28  warning  Unsafe argument of type `any` assigned to a parameter of type `string | Date | null | undefined`    @typescript-eslint/no-unsafe-argument
  185:23  warning  Unsafe argument of type `any` assigned to a parameter of type `string`                              @typescript-eslint/no-unsafe-argument
  192:32  warning  Unsafe argument of type `any` assigned to a parameter of type `string | Date | null | undefined`    @typescript-eslint/no-unsafe-argument
  197:19  warning  Unsafe argument of type `any` assigned to a parameter of type `string | number | Date`              @typescript-eslint/no-unsafe-argument
  198:20  warning  Unsafe argument of type `any` assigned to a parameter of type `string | number | Date`              @typescript-eslint/no-unsafe-argument

C:\Users\dfajardo\OneDrive - COMISION NACIONAL DE ENERGIA\Documentos\github\delphin-erp\apps\api\src\modules\invoices\fiscalbridge.service.ts
   49:27  warning  Unsafe argument of type `any` assigned to a parameter of type `string | URL`                                    @typescript-eslint/no-unsafe-argument
   62:27  warning  Unsafe argument of type `any` assigned to a parameter of type `string | null | undefined`                       @typescript-eslint/no-unsafe-argument
   83:35  warning  Unsafe argument of type `any` assigned to a parameter of type `string | null | undefined`                       @typescript-eslint/no-unsafe-argument
   92:38  warning  Unsafe argument of type `any` assigned to a parameter of type `string | null | undefined`                       @typescript-eslint/no-unsafe-argument
  126:42  warning  Unsafe argument of type `any` assigned to a parameter of type `string | null | undefined`                       @typescript-eslint/no-unsafe-argument
  230:38  warning  Unsafe argument of type `any` assigned to a parameter of type `{ [s: string]: unknown; } | ArrayLike<unknown>`  @typescript-eslint/no-unsafe-argument

C:\Users\dfajardo\OneDrive - COMISION NACIONAL DE ENERGIA\Documentos\github\delphin-erp\apps\api\src\modules\invoices\invoices.controller.ts
  31:40  warning  Unsafe argument of type `any` assigned to a parameter of type `string`  @typescript-eslint/no-unsafe-argument
  31:56  warning  Unsafe argument of type `any` assigned to a parameter of type `string`  @typescript-eslint/no-unsafe-argument
  37:41  warning  Unsafe argument of type `any` assigned to a parameter of type `string`  @typescript-eslint/no-unsafe-argument
  43:41  warning  Unsafe argument of type `any` assigned to a parameter of type `string`  @typescript-eslint/no-unsafe-argument
  49:52  warning  Unsafe argument of type `any` assigned to a parameter of type `string`  @typescript-eslint/no-unsafe-argument
  55:52  warning  Unsafe argument of type `any` assigned to a parameter of type `string`  @typescript-eslint/no-unsafe-argument
  61:43  warning  Unsafe argument of type `any` assigned to a parameter of type `string`  @typescript-eslint/no-unsafe-argument
  61:59  warning  Unsafe argument of type `any` assigned to a parameter of type `string`  @typescript-eslint/no-unsafe-argument
  67:40  warning  Unsafe argument of type `any` assigned to a parameter of type `string`  @typescript-eslint/no-unsafe-argument
  67:56  warning  Unsafe argument of type `any` assigned to a parameter of type `string`  @typescript-eslint/no-unsafe-argument
  77:42  warning  Unsafe argument of type `any` assigned to a parameter of type `string`  @typescript-eslint/no-unsafe-argument
  87:42  warning  Unsafe argument of type `any` assigned to a parameter of type `string`  @typescript-eslint/no-unsafe-argument

C:\Users\dfajardo\OneDrive - COMISION NACIONAL DE ENERGIA\Documentos\github\delphin-erp\apps\api\src\modules\invoices\invoices.service.spec.ts
  66:42  warning  Unsafe argument of type `any` assigned to a parameter of type `CreateInvoiceDto`  @typescript-eslint/no-unsafe-argument
  78:52  warning  Unsafe argument of type `any` assigned to a parameter of type `CreateInvoiceDto`  @typescript-eslint/no-unsafe-argument

C:\Users\dfajardo\OneDrive - COMISION NACIONAL DE ENERGIA\Documentos\github\delphin-erp\apps\api\src\modules\invoices\invoices.service.ts
  261:45  error  Invalid type "Decimal" of template literal expression  @typescript-eslint/restrict-template-expressions

C:\Users\dfajardo\OneDrive - COMISION NACIONAL DE ENERGIA\Documentos\github\delphin-erp\apps\api\src\modules\notifications\notification-alerts.service.spec.ts
  49:41  warning  Unsafe argument of type `any` assigned to a parameter of type `PrismaService`         @typescript-eslint/no-unsafe-argument
  49:49  warning  Unsafe argument of type `any` assigned to a parameter of type `NotificationsService`  @typescript-eslint/no-unsafe-argument

C:\Users\dfajardo\OneDrive - COMISION NACIONAL DE ENERGIA\Documentos\github\delphin-erp\apps\api\src\modules\notifications\notification-delivery.spec.ts
   20:7   warning  Unsafe argument of type `any` assigned to a parameter of type `PrismaService`                 @typescript-eslint/no-unsafe-argument
   21:7   warning  Unsafe argument of type `any` assigned to a parameter of type `NotificationsRealtimeService`  @typescript-eslint/no-unsafe-argument
   22:7   warning  Unsafe argument of type `any` assigned to a parameter of type `NotificationEmailService`      @typescript-eslint/no-unsafe-argument
   23:7   warning  Unsafe argument of type `any` assigned to a parameter of type `NotificationPushService`       @typescript-eslint/no-unsafe-argument
  154:9   warning  Unsafe argument of type `any` assigned to a parameter of type `boolean`                       @typescript-eslint/no-unsafe-argument
  180:35  warning  Unsafe argument of type `any` assigned to a parameter of type `PrismaService`                 @typescript-eslint/no-unsafe-argument

C:\Users\dfajardo\OneDrive - COMISION NACIONAL DE ENERGIA\Documentos\github\delphin-erp\apps\api\src\modules\notifications\notifications.controller.ts
   36:36  warning  Unsafe argument of type `any` assigned to a parameter of type `string`  @typescript-eslint/no-unsafe-argument
   46:43  warning  Unsafe argument of type `any` assigned to a parameter of type `string`  @typescript-eslint/no-unsafe-argument
   51:40  warning  Unsafe argument of type `any` assigned to a parameter of type `string`  @typescript-eslint/no-unsafe-argument
   56:43  warning  Unsafe argument of type `any` assigned to a parameter of type `string`  @typescript-eslint/no-unsafe-argument
   62:37  warning  Unsafe argument of type `any` assigned to a parameter of type `string`  @typescript-eslint/no-unsafe-argument
   68:38  warning  Unsafe argument of type `any` assigned to a parameter of type `string`  @typescript-eslint/no-unsafe-argument
   85:43  warning  Unsafe argument of type `any` assigned to a parameter of type `string`  @typescript-eslint/no-unsafe-argument
   95:7   warning  Unsafe argument of type `any` assigned to a parameter of type `string`  @typescript-eslint/no-unsafe-argument
  112:7   warning  Unsafe argument of type `any` assigned to a parameter of type `string`  @typescript-eslint/no-unsafe-argument
  122:48  warning  Unsafe argument of type `any` assigned to a parameter of type `string`  @typescript-eslint/no-unsafe-argument
  135:52  warning  Unsafe argument of type `any` assigned to a parameter of type `string`  @typescript-eslint/no-unsafe-argument
  141:15  warning  Unsafe argument of type `any` assigned to a parameter of type `string`  @typescript-eslint/no-unsafe-argument

C:\Users\dfajardo\OneDrive - COMISION NACIONAL DE ENERGIA\Documentos\github\delphin-erp\apps\api\src\modules\notifications\notifications.realtime.ts
  137:3  error  Async method 'onModuleDestroy' has no 'await' expression  @typescript-eslint/require-await

C:\Users\dfajardo\OneDrive - COMISION NACIONAL DE ENERGIA\Documentos\github\delphin-erp\apps\api\src\modules\notifications\notifications.service.spec.ts
  20:9  warning  Unsafe argument of type `any` assigned to a parameter of type `PrismaService`                 @typescript-eslint/no-unsafe-argument
  21:9  warning  Unsafe argument of type `any` assigned to a parameter of type `NotificationsRealtimeService`  @typescript-eslint/no-unsafe-argument
  22:9  warning  Unsafe argument of type `any` assigned to a parameter of type `NotificationEmailService`      @typescript-eslint/no-unsafe-argument
  23:9  warning  Unsafe argument of type `any` assigned to a parameter of type `NotificationPushService`       @typescript-eslint/no-unsafe-argument

C:\Users\dfajardo\OneDrive - COMISION NACIONAL DE ENERGIA\Documentos\github\delphin-erp\apps\api\src\modules\notifications\notifications.service.ts
  394:40  warning  Unsafe argument of type `any` assigned to a parameter of type `string`                                               @typescript-eslint/no-unsafe-argument
  418:13  warning  Unsafe argument of type `any` assigned to a parameter of type `string`                                               @typescript-eslint/no-unsafe-argument
  419:13  warning  Unsafe argument of type `any` assigned to a parameter of type `string`                                               @typescript-eslint/no-unsafe-argument
  420:13  warning  Unsafe argument of type `any` assigned to a parameter of type `string`                                               @typescript-eslint/no-unsafe-argument
  444:30  warning  Unsafe argument of type `any` assigned to a parameter of type `{ endpoint: string; p256dh: string; auth: string; }`  @typescript-eslint/no-unsafe-argument
  452:16  error    'error' is defined but never used                                                                                    @typescript-eslint/no-unused-vars
  533:58  warning  Unsafe argument of type `any` assigned to a parameter of type `string`                                               @typescript-eslint/no-unsafe-argument

C:\Users\dfajardo\OneDrive - COMISION NACIONAL DE ENERGIA\Documentos\github\delphin-erp\apps\api\src\modules\notifications\notifications.worker.ts
  77:18  error  'error' is defined but never used  @typescript-eslint/no-unused-vars

C:\Users\dfajardo\OneDrive - COMISION NACIONAL DE ENERGIA\Documentos\github\delphin-erp\apps\api\src\modules\payments\azul.service.spec.ts
   86:31  warning  Unsafe argument of type `any` assigned to a parameter of type `AzulResponse`                                                                                        @typescript-eslint/no-unsafe-argument
   87:31  warning  Unsafe argument of type `any` assigned to a parameter of type `AzulResponse`                                                                                        @typescript-eslint/no-unsafe-argument
  100:5   warning  Promises must be awaited, end with a call to .catch, end with a call to .then with a rejection handler or be explicitly marked as ignored with the `void` operator  @typescript-eslint/no-floating-promises
  165:42  warning  Unsafe argument of type `any` assigned to a parameter of type `AxiosInstance`                                                                                       @typescript-eslint/no-unsafe-argument

C:\Users\dfajardo\OneDrive - COMISION NACIONAL DE ENERGIA\Documentos\github\delphin-erp\apps\api\src\modules\payments\billing-owner.guard.ts
  26:33  warning  Unsafe argument of type `any` assigned to a parameter of type `string`  @typescript-eslint/no-unsafe-argument

C:\Users\dfajardo\OneDrive - COMISION NACIONAL DE ENERGIA\Documentos\github\delphin-erp\apps\api\src\modules\payments\payments.controller.ts
  144:7  warning  Unsafe argument of type `any` assigned to a parameter of type `string`  @typescript-eslint/no-unsafe-argument
  231:7  warning  Unsafe argument of type `any` assigned to a parameter of type `string`  @typescript-eslint/no-unsafe-argument

C:\Users\dfajardo\OneDrive - COMISION NACIONAL DE ENERGIA\Documentos\github\delphin-erp\apps\api\src\modules\payments\payments.service.spec.ts
  102:41  warning  Unsafe argument of type `any` assigned to a parameter of type `PrismaService`    @typescript-eslint/no-unsafe-argument
  102:49  warning  Unsafe argument of type `any` assigned to a parameter of type `EmpresasService`  @typescript-eslint/no-unsafe-argument
  112:47  warning  Unsafe argument of type `any` assigned to a parameter of type `PrismaService`    @typescript-eslint/no-unsafe-argument
  112:55  warning  Unsafe argument of type `any` assigned to a parameter of type `EmpresasService`  @typescript-eslint/no-unsafe-argument

C:\Users\dfajardo\OneDrive - COMISION NACIONAL DE ENERGIA\Documentos\github\delphin-erp\apps\api\src\modules\promotions\promotions.controller.ts
  36:42  warning  Unsafe argument of type `any` assigned to a parameter of type `string`  @typescript-eslint/no-unsafe-argument
  36:58  warning  Unsafe argument of type `any` assigned to a parameter of type `string`  @typescript-eslint/no-unsafe-argument
  43:43  warning  Unsafe argument of type `any` assigned to a parameter of type `string`  @typescript-eslint/no-unsafe-argument
  53:54  warning  Unsafe argument of type `any` assigned to a parameter of type `string`  @typescript-eslint/no-unsafe-argument
  60:43  warning  Unsafe argument of type `any` assigned to a parameter of type `string`  @typescript-eslint/no-unsafe-argument
  72:42  warning  Unsafe argument of type `any` assigned to a parameter of type `string`  @typescript-eslint/no-unsafe-argument
  72:58  warning  Unsafe argument of type `any` assigned to a parameter of type `string`  @typescript-eslint/no-unsafe-argument
  80:48  warning  Unsafe argument of type `any` assigned to a parameter of type `string`  @typescript-eslint/no-unsafe-argument
  80:64  warning  Unsafe argument of type `any` assigned to a parameter of type `string`  @typescript-eslint/no-unsafe-argument
  88:42  warning  Unsafe argument of type `any` assigned to a parameter of type `string`  @typescript-eslint/no-unsafe-argument
  88:58  warning  Unsafe argument of type `any` assigned to a parameter of type `string`  @typescript-eslint/no-unsafe-argument

C:\Users\dfajardo\OneDrive - COMISION NACIONAL DE ENERGIA\Documentos\github\delphin-erp\apps\api\src\modules\promotions\promotions.service.ts
  14:3  error  'EvaluateItemDto' is defined but never used  @typescript-eslint/no-unused-vars

C:\Users\dfajardo\OneDrive - COMISION NACIONAL DE ENERGIA\Documentos\github\delphin-erp\apps\api\src\modules\purchases\dto\create-supplier-payment.dto.ts
  3:3  error  'IsNotEmpty' is defined but never used  @typescript-eslint/no-unused-vars

C:\Users\dfajardo\OneDrive - COMISION NACIONAL DE ENERGIA\Documentos\github\delphin-erp\apps\api\src\modules\purchases\dto\filter-purchases.dto.ts
  1:32  error  'IsEnum' is defined but never used  @typescript-eslint/no-unused-vars

C:\Users\dfajardo\OneDrive - COMISION NACIONAL DE ENERGIA\Documentos\github\delphin-erp\apps\api\src\modules\purchases\purchases.controller.ts
  33:41  warning  Unsafe argument of type `any` assigned to a parameter of type `string`  @typescript-eslint/no-unsafe-argument
  33:57  warning  Unsafe argument of type `any` assigned to a parameter of type `string`  @typescript-eslint/no-unsafe-argument
  40:42  warning  Unsafe argument of type `any` assigned to a parameter of type `string`  @typescript-eslint/no-unsafe-argument
  47:42  warning  Unsafe argument of type `any` assigned to a parameter of type `string`  @typescript-eslint/no-unsafe-argument
  60:7   warning  Unsafe argument of type `any` assigned to a parameter of type `string`  @typescript-eslint/no-unsafe-argument
  61:7   warning  Unsafe argument of type `any` assigned to a parameter of type `string`  @typescript-eslint/no-unsafe-argument
  76:41  warning  Unsafe argument of type `any` assigned to a parameter of type `string`  @typescript-eslint/no-unsafe-argument
  76:57  warning  Unsafe argument of type `any` assigned to a parameter of type `string`  @typescript-eslint/no-unsafe-argument

C:\Users\dfajardo\OneDrive - COMISION NACIONAL DE ENERGIA\Documentos\github\delphin-erp\apps\api\src\modules\purchases\purchases.service.ts
  582:36  error  Invalid type "Decimal" of template literal expression  @typescript-eslint/restrict-template-expressions
  582:95  error  Invalid type "Decimal" of template literal expression  @typescript-eslint/restrict-template-expressions
  642:76  error  Invalid type "Decimal" of template literal expression  @typescript-eslint/restrict-template-expressions

C:\Users\dfajardo\OneDrive - COMISION NACIONAL DE ENERGIA\Documentos\github\delphin-erp\apps\api\src\modules\quotes\quotes.controller.ts
   36:38  warning  Unsafe argument of type `any` assigned to a parameter of type `string`  @typescript-eslint/no-unsafe-argument
   36:54  warning  Unsafe argument of type `any` assigned to a parameter of type `string`  @typescript-eslint/no-unsafe-argument
   43:39  warning  Unsafe argument of type `any` assigned to a parameter of type `string`  @typescript-eslint/no-unsafe-argument
   50:42  warning  Unsafe argument of type `any` assigned to a parameter of type `string`  @typescript-eslint/no-unsafe-argument
   57:45  warning  Unsafe argument of type `any` assigned to a parameter of type `string`  @typescript-eslint/no-unsafe-argument
   64:39  warning  Unsafe argument of type `any` assigned to a parameter of type `string`  @typescript-eslint/no-unsafe-argument
   75:38  warning  Unsafe argument of type `any` assigned to a parameter of type `string`  @typescript-eslint/no-unsafe-argument
   82:38  warning  Unsafe argument of type `any` assigned to a parameter of type `string`  @typescript-eslint/no-unsafe-argument
   96:41  warning  Unsafe argument of type `any` assigned to a parameter of type `string`  @typescript-eslint/no-unsafe-argument
  104:48  warning  Unsafe argument of type `any` assigned to a parameter of type `string`  @typescript-eslint/no-unsafe-argument
  104:64  warning  Unsafe argument of type `any` assigned to a parameter of type `string`  @typescript-eslint/no-unsafe-argument

C:\Users\dfajardo\OneDrive - COMISION NACIONAL DE ENERGIA\Documentos\github\delphin-erp\apps\api\src\modules\quotes\quotes.service.ts
  306:7    warning  Promises must be awaited, end with a call to .catch, end with a call to .then with a rejection handler or be explicitly marked as ignored with the `void` operator  @typescript-eslint/no-floating-promises
  719:139  warning  Unsafe argument of type `any` assigned to a parameter of type `Value`                                                                                               @typescript-eslint/no-unsafe-argument
  720:42   warning  Unsafe argument of type `any` assigned to a parameter of type `Value`                                                                                               @typescript-eslint/no-unsafe-argument
  770:8    error    Unexpected control character(s) in regular expression: \x00, \x1f                                                                                                   no-control-regex

C:\Users\dfajardo\OneDrive - COMISION NACIONAL DE ENERGIA\Documentos\github\delphin-erp\apps\api\src\modules\reports\reports.controller.ts
   27:47  warning  Unsafe argument of type `any` assigned to a parameter of type `string`  @typescript-eslint/no-unsafe-argument
   37:53  warning  Unsafe argument of type `any` assigned to a parameter of type `string`  @typescript-eslint/no-unsafe-argument
   46:53  warning  Unsafe argument of type `any` assigned to a parameter of type `string`  @typescript-eslint/no-unsafe-argument
   55:51  warning  Unsafe argument of type `any` assigned to a parameter of type `string`  @typescript-eslint/no-unsafe-argument
   65:55  warning  Unsafe argument of type `any` assigned to a parameter of type `string`  @typescript-eslint/no-unsafe-argument
   77:7   warning  Unsafe argument of type `any` assigned to a parameter of type `string`  @typescript-eslint/no-unsafe-argument
   88:7   warning  Unsafe argument of type `any` assigned to a parameter of type `string`  @typescript-eslint/no-unsafe-argument
   99:7   warning  Unsafe argument of type `any` assigned to a parameter of type `string`  @typescript-eslint/no-unsafe-argument
  110:7   warning  Unsafe argument of type `any` assigned to a parameter of type `string`  @typescript-eslint/no-unsafe-argument
  129:55  warning  Unsafe argument of type `any` assigned to a parameter of type `string`  @typescript-eslint/no-unsafe-argument
  131:55  warning  Unsafe argument of type `any` assigned to a parameter of type `string`  @typescript-eslint/no-unsafe-argument
  133:55  warning  Unsafe argument of type `any` assigned to a parameter of type `string`  @typescript-eslint/no-unsafe-argument

C:\Users\dfajardo\OneDrive - COMISION NACIONAL DE ENERGIA\Documentos\github\delphin-erp\apps\api\src\modules\reports\reports.service.ts
   3:3  error  'NotFoundException' is defined but never used  @typescript-eslint/no-unused-vars
  11:3  error  'TaxReportDto' is defined but never used       @typescript-eslint/no-unused-vars

C:\Users\dfajardo\OneDrive - COMISION NACIONAL DE ENERGIA\Documentos\github\delphin-erp\apps\api\src\modules\roles\roles.controller.spec.ts
  40:5  warning  Promises must be awaited, end with a call to .catch, end with a call to .then with a rejection handler or be explicitly marked as ignored with the `void` operator  @typescript-eslint/no-floating-promises
  45:5  warning  Promises must be awaited, end with a call to .catch, end with a call to .then with a rejection handler or be explicitly marked as ignored with the `void` operator  @typescript-eslint/no-floating-promises
  50:5  warning  Promises must be awaited, end with a call to .catch, end with a call to .then with a rejection handler or be explicitly marked as ignored with the `void` operator  @typescript-eslint/no-floating-promises
  55:5  warning  Promises must be awaited, end with a call to .catch, end with a call to .then with a rejection handler or be explicitly marked as ignored with the `void` operator  @typescript-eslint/no-floating-promises

C:\Users\dfajardo\OneDrive - COMISION NACIONAL DE ENERGIA\Documentos\github\delphin-erp\apps\api\src\modules\roles\roles.controller.ts
  30:47  warning  Unsafe argument of type `any` assigned to a parameter of type `string`  @typescript-eslint/no-unsafe-argument
  37:37  warning  Unsafe argument of type `any` assigned to a parameter of type `string`  @typescript-eslint/no-unsafe-argument
  48:37  warning  Unsafe argument of type `any` assigned to a parameter of type `string`  @typescript-eslint/no-unsafe-argument
  55:37  warning  Unsafe argument of type `any` assigned to a parameter of type `string`  @typescript-eslint/no-unsafe-argument

C:\Users\dfajardo\OneDrive - COMISION NACIONAL DE ENERGIA\Documentos\github\delphin-erp\apps\api\src\modules\roles\roles.service.ts
  28:44  warning  Unsafe argument of type `any` assigned to a parameter of type `PermissionsInput | null | undefined`  @typescript-eslint/no-unsafe-argument
  70:7   warning  Unsafe argument of type `any` assigned to a parameter of type `PermissionsInput | null | undefined`  @typescript-eslint/no-unsafe-argument

C:\Users\dfajardo\OneDrive - COMISION NACIONAL DE ENERGIA\Documentos\github\delphin-erp\apps\api\src\modules\sequences\sequences.controller.ts
  29:41  warning  Unsafe argument of type `any` assigned to a parameter of type `string`  @typescript-eslint/no-unsafe-argument
  35:42  warning  Unsafe argument of type `any` assigned to a parameter of type `string`  @typescript-eslint/no-unsafe-argument
  41:42  warning  Unsafe argument of type `any` assigned to a parameter of type `string`  @typescript-eslint/no-unsafe-argument
  51:41  warning  Unsafe argument of type `any` assigned to a parameter of type `string`  @typescript-eslint/no-unsafe-argument
  57:41  warning  Unsafe argument of type `any` assigned to a parameter of type `string`  @typescript-eslint/no-unsafe-argument

C:\Users\dfajardo\OneDrive - COMISION NACIONAL DE ENERGIA\Documentos\github\delphin-erp\apps\api\src\modules\sucursales\sucursales.controller.spec.ts
  42:5  warning  Promises must be awaited, end with a call to .catch, end with a call to .then with a rejection handler or be explicitly marked as ignored with the `void` operator  @typescript-eslint/no-floating-promises
  43:5  warning  Promises must be awaited, end with a call to .catch, end with a call to .then with a rejection handler or be explicitly marked as ignored with the `void` operator  @typescript-eslint/no-floating-promises
  44:5  warning  Promises must be awaited, end with a call to .catch, end with a call to .then with a rejection handler or be explicitly marked as ignored with the `void` operator  @typescript-eslint/no-floating-promises
  52:5  warning  Promises must be awaited, end with a call to .catch, end with a call to .then with a rejection handler or be explicitly marked as ignored with the `void` operator  @typescript-eslint/no-floating-promises
  53:5  warning  Promises must be awaited, end with a call to .catch, end with a call to .then with a rejection handler or be explicitly marked as ignored with the `void` operator  @typescript-eslint/no-floating-promises

C:\Users\dfajardo\OneDrive - COMISION NACIONAL DE ENERGIA\Documentos\github\delphin-erp\apps\api\src\modules\sucursales\sucursales.controller.ts
  34:42  warning  Unsafe argument of type `any` assigned to a parameter of type `string`  @typescript-eslint/no-unsafe-argument
  41:43  warning  Unsafe argument of type `any` assigned to a parameter of type `string`  @typescript-eslint/no-unsafe-argument
  48:47  warning  Unsafe argument of type `any` assigned to a parameter of type `string`  @typescript-eslint/no-unsafe-argument
  59:46  warning  Unsafe argument of type `any` assigned to a parameter of type `string`  @typescript-eslint/no-unsafe-argument
  66:46  warning  Unsafe argument of type `any` assigned to a parameter of type `string`  @typescript-eslint/no-unsafe-argument

C:\Users\dfajardo\OneDrive - COMISION NACIONAL DE ENERGIA\Documentos\github\delphin-erp\apps\api\src\modules\tenant-api\controllers\tenant-api-management.controller.ts
  30:39  warning  Unsafe argument of type `any` assigned to a parameter of type `string`  @typescript-eslint/no-unsafe-argument
  40:38  warning  Unsafe argument of type `any` assigned to a parameter of type `string`  @typescript-eslint/no-unsafe-argument
  47:41  warning  Unsafe argument of type `any` assigned to a parameter of type `string`  @typescript-eslint/no-unsafe-argument
  54:38  warning  Unsafe argument of type `any` assigned to a parameter of type `string`  @typescript-eslint/no-unsafe-argument
  61:38  warning  Unsafe argument of type `any` assigned to a parameter of type `string`  @typescript-eslint/no-unsafe-argument

C:\Users\dfajardo\OneDrive - COMISION NACIONAL DE ENERGIA\Documentos\github\delphin-erp\apps\api\src\modules\tenant-api\dto\tenant-api.dto.ts
  7:3  error  'IsUrl' is defined but never used  @typescript-eslint/no-unused-vars

C:\Users\dfajardo\OneDrive - COMISION NACIONAL DE ENERGIA\Documentos\github\delphin-erp\apps\api\src\modules\tenant-api\guards\tenant-api-key.guard.ts
  39:15  warning  Unsafe argument of type `any` assigned to a parameter of type `BinaryLike`    @typescript-eslint/no-unsafe-argument
  81:38  warning  Unsafe argument of type `any` assigned to a parameter of type `string | URL`  @typescript-eslint/no-unsafe-argument

C:\Users\dfajardo\OneDrive - COMISION NACIONAL DE ENERGIA\Documentos\github\delphin-erp\apps\api\src\modules\tenant-api\tenant-api-key.service.ts
  14:3  error  'UpdateTenantApiAppDto' is defined but never used  @typescript-eslint/no-unused-vars

C:\Users\dfajardo\OneDrive - COMISION NACIONAL DE ENERGIA\Documentos\github\delphin-erp\apps\api\src\modules\users\users.controller.spec.ts
  40:5  warning  Promises must be awaited, end with a call to .catch, end with a call to .then with a rejection handler or be explicitly marked as ignored with the `void` operator  @typescript-eslint/no-floating-promises
  46:5  warning  Promises must be awaited, end with a call to .catch, end with a call to .then with a rejection handler or be explicitly marked as ignored with the `void` operator  @typescript-eslint/no-floating-promises
  51:5  warning  Promises must be awaited, end with a call to .catch, end with a call to .then with a rejection handler or be explicitly marked as ignored with the `void` operator  @typescript-eslint/no-floating-promises
  64:5  warning  Promises must be awaited, end with a call to .catch, end with a call to .then with a rejection handler or be explicitly marked as ignored with the `void` operator  @typescript-eslint/no-floating-promises

C:\Users\dfajardo\OneDrive - COMISION NACIONAL DE ENERGIA\Documentos\github\delphin-erp\apps\api\src\modules\users\users.controller.ts
  32:47  warning  Unsafe argument of type `any` assigned to a parameter of type `string`              @typescript-eslint/no-unsafe-argument
  41:54  warning  Unsafe argument of type `any` assigned to a parameter of type `string`              @typescript-eslint/no-unsafe-argument
  50:37  warning  Unsafe argument of type `any` assigned to a parameter of type `string`              @typescript-eslint/no-unsafe-argument
  50:59  warning  Unsafe argument of type `any` assigned to a parameter of type `string | undefined`  @typescript-eslint/no-unsafe-argument
  62:7   warning  Unsafe argument of type `any` assigned to a parameter of type `string`              @typescript-eslint/no-unsafe-argument
  65:7   warning  Unsafe argument of type `any` assigned to a parameter of type `string | undefined`  @typescript-eslint/no-unsafe-argument
  66:7   warning  Unsafe argument of type `any` assigned to a parameter of type `string | undefined`  @typescript-eslint/no-unsafe-argument
  74:47  warning  Unsafe argument of type `any` assigned to a parameter of type `string`              @typescript-eslint/no-unsafe-argument
  74:67  warning  Unsafe argument of type `any` assigned to a parameter of type `string`              @typescript-eslint/no-unsafe-argument
  81:37  warning  Unsafe argument of type `any` assigned to a parameter of type `string`              @typescript-eslint/no-unsafe-argument

C:\Users\dfajardo\OneDrive - COMISION NACIONAL DE ENERGIA\Documentos\github\delphin-erp\apps\api\src\modules\users\users.service.ts
  103:7   warning  Unsafe argument of type `any` assigned to a parameter of type `string | Buffer<ArrayBufferLike>`  @typescript-eslint/no-unsafe-argument
  211:47  warning  Unsafe argument of type `any` assigned to a parameter of type `OwnerSmtpConfig`                   @typescript-eslint/no-unsafe-argument
  259:45  warning  Unsafe argument of type `any` assigned to a parameter of type `OwnerSmtpConfig`                   @typescript-eslint/no-unsafe-argument
  323:39  warning  Unsafe argument of type `any` assigned to a parameter of type `OwnerSmtpConfig`                   @typescript-eslint/no-unsafe-argument
  353:40  warning  Unsafe argument of type `any` assigned to a parameter of type `string | Buffer<ArrayBufferLike>`  @typescript-eslint/no-unsafe-argument

C:\Users\dfajardo\OneDrive - COMISION NACIONAL DE ENERGIA\Documentos\github\delphin-erp\apps\api\test\mfa.e2e-spec.ts
   27:30  warning  Unsafe argument of type `any` assigned to a parameter of type `PrismaService`  @typescript-eslint/no-unsafe-argument
   72:33  warning  Unsafe argument of type `any` assigned to a parameter of type `string`         @typescript-eslint/no-unsafe-argument
  100:34  warning  Unsafe argument of type `any` assigned to a parameter of type `string`         @typescript-eslint/no-unsafe-argument
  124:34  warning  Unsafe argument of type `any` assigned to a parameter of type `string`         @typescript-eslint/no-unsafe-argument

✖ 464 problems (28 errors, 436 warnings)

npm error Lifecycle script `lint` failed with error:
npm error code 1
npm error path C:\Users\dfajardo\OneDrive - COMISION NACIONAL DE ENERGIA\Documentos\github\delphin-erp\apps\api
npm error workspace api@0.0.1
npm error location C:\Users\dfajardo\OneDrive - COMISION NACIONAL DE ENERGIA\Documentos\github\delphin-erp\apps\api
npm error command failed
npm error command C:\Windows\system32\cmd.exe /d /s /c eslint "{src,apps,libs,test}/**/*.ts" --fix
