
> dolphin-erp@1.0.15 build:desktop
> npm run build --workspace=apps/desktop


> desktop@1.0.15 build
> ng build --base-href ./

> Building...
√ Building...
Initial chunk files | Names                     |  Raw size | Estimated transfer size
main-NDINQD2R.js    | main                      | 398.18 kB |                99.97 kB
styles-SAV7PICJ.css | styles                    | 303.98 kB |                26.74 kB

                    | Initial total             | 702.17 kB |               126.71 kB

Lazy chunk files    | Names                     |  Raw size | Estimated transfer size
chunk-XTVQTSUW.js   | apexcharts-ssr-esm        | 620.40 kB |               140.38 kB
chunk-B4t3fBEx.js   | apexcharts-esm            | 615.59 kB |               139.21 kB
chunk-BkqqInZ02.js  | email-templates-component | 429.50 kB |               114.19 kB
chunk-2ZXIFDPD.js   | core-esm                  | 375.72 kB |                87.35 kB
chunk-DrhPwN41.js   | routes                    | 201.74 kB |                42.18 kB
chunk-Bn3Rkpq8.js   | -                         | 182.60 kB |                53.48 kB
chunk-Clu4wb6s.js   | -                         | 115.70 kB |                23.24 kB
chunk-BUwatkYA.js   | reports-component         |  96.43 kB |                17.78 kB
chunk-B6UzAC77.js   | -                         |  91.39 kB |                16.75 kB
chunk-CwaGsmQ9.js   | -                         |  88.77 kB |                17.25 kB
chunk-bLXxFPtf2.js  | -                         |  87.82 kB |                25.10 kB
chunk-BiRwxerD.js   | -                         |  85.74 kB |                 6.78 kB
chunk-DyI4wrWv2.js  | invoices-component        |  78.71 kB |                15.62 kB
chunk-CwnJttvV.js   | pos-component             |  76.20 kB |                14.83 kB
chunk-Ehm6qyA02.js  | quotes-component          |  70.13 kB |                14.54 kB
...and 103 more lazy chunks files. Use "--verbose" to show all the files.

Application bundle generation complete. [61.635 seconds] - 2026-09-13T13:06:12.897Z

Output location: C:\Users\dfajardo\OneDrive - COMISION NACIONAL DE ENERGIA\Documentos\github\delphin-erp\apps\desktop\dist\desktop

