npm warn deprecated @angular/animations@22.1.6: @angular/animations is deprecated. Use `animate.enter` and `animate.leave` instead. For more information see: https://v22.angular.dev/guide/animations.
npm warn cleanup Failed to remove some directories [
npm warn cleanup   [
npm warn cleanup     'C:\\Users\\dfajardo\\OneDrive - COMISION NACIONAL DE ENERGIA\\Documentos\\github\\delphin-erp\\apps\\desktop\\node_modules\\@esbuild\\.win32-x64-AfoKC888',
npm warn cleanup     [Error: EPERM: operation not permitted, unlink 'C:\Users\dfajardo\OneDrive - COMISION NACIONAL DE ENERGIA\Documentos\github\delphin-erp\apps\desktop\node_modules\@esbuild\.win32-x64-AfoKC888\esbuild.exe'] {
npm warn cleanup       errno: -4048,
npm warn cleanup       code: 'EPERM',
npm warn cleanup       syscall: 'unlink',
npm warn cleanup       path: 'C:\\Users\\dfajardo\\OneDrive - COMISION NACIONAL DE ENERGIA\\Documentos\\github\\delphin-erp\\apps\\desktop\\node_modules\\@esbuild\\.win32-x64-AfoKC888\\esbuild.exe'
npm warn cleanup     }
npm warn cleanup   ],
npm warn cleanup   [
npm warn cleanup     'C:\\Users\\dfajardo\\OneDrive - COMISION NACIONAL DE ENERGIA\\Documentos\\github\\delphin-erp\\apps\\desktop\\node_modules\\@lmdb\\.lmdb-win32-x64-78R6i0B1',
npm warn cleanup     [Error: EPERM: operation not permitted, unlink 'C:\Users\dfajardo\OneDrive - COMISION NACIONAL DE ENERGIA\Documentos\github\delphin-erp\apps\desktop\node_modules\@lmdb\.lmdb-win32-x64-78R6i0B1\node.napi.node'] {
npm warn cleanup       errno: -4048,
npm warn cleanup       code: 'EPERM',
npm warn cleanup       syscall: 'unlink',
npm warn cleanup       path: 'C:\\Users\\dfajardo\\OneDrive - COMISION NACIONAL DE ENERGIA\\Documentos\\github\\delphin-erp\\apps\\desktop\\node_modules\\@lmdb\\.lmdb-win32-x64-78R6i0B1\\node.napi.node'
npm warn cleanup     }
npm warn cleanup   ],
npm warn cleanup   [
npm warn cleanup     'C:\\Users\\dfajardo\\OneDrive - COMISION NACIONAL DE ENERGIA\\Documentos\\github\\delphin-erp\\apps\\desktop\\node_modules\\.vite-Y3mT3vlJ',
npm warn cleanup     [Error: EPERM: operation not permitted, unlink 'C:\Users\dfajardo\OneDrive - COMISION NACIONAL DE ENERGIA\Documentos\github\delphin-erp\apps\desktop\node_modules\.vite-Y3mT3vlJ\node_modules\@rolldown\binding-win32-x64-msvc\rolldown-binding.win32-x64-msvc.node'] {
npm warn cleanup       errno: -4048,
npm warn cleanup       code: 'EPERM',
npm warn cleanup       syscall: 'unlink',
npm warn cleanup       path: 'C:\\Users\\dfajardo\\OneDrive - COMISION NACIONAL DE ENERGIA\\Documentos\\github\\delphin-erp\\apps\\desktop\\node_modules\\.vite-Y3mT3vlJ\\node_modules\\@rolldown\\binding-win32-x64-msvc\\rolldown-binding.win32-x64-msvc.node'
npm warn cleanup     }
npm warn cleanup   ]
npm warn cleanup ]

added 283 packages, removed 176 packages, changed 4 packages, and audited 1788 packages in 19m

381 packages are looking for funding
  run `npm fund` for details

8 vulnerabilities (1 low, 1 moderate, 6 high)

To address issues that do not require attention, run:
  npm audit fix

Some issues need review, and may require choosing
a different dependency.

Run `npm audit` for details.
